
61. Printing statistics.

=== fir_filter ===

   Number of wires:               7700
   Number of wire bits:           7746
   Number of public wires:         411
   Number of public wire bits:     457
   Number of memories:               0
   Number of memory bits:            0
   Number of processes:              0
   Number of cells:               7728
     sky130_fd_sc_hd__a2111o_2       1
     sky130_fd_sc_hd__a21bo_2       40
     sky130_fd_sc_hd__a21boi_2      61
     sky130_fd_sc_hd__a21boi_4       1
     sky130_fd_sc_hd__a21o_2        88
     sky130_fd_sc_hd__a21o_4         1
     sky130_fd_sc_hd__a21oi_2       93
     sky130_fd_sc_hd__a21oi_4       12
     sky130_fd_sc_hd__a22o_2         1
     sky130_fd_sc_hd__a2bb2o_2       1
     sky130_fd_sc_hd__and2_2       228
     sky130_fd_sc_hd__and2_4        36
     sky130_fd_sc_hd__and2b_2       37
     sky130_fd_sc_hd__and3_2         8
     sky130_fd_sc_hd__and3_4         1
     sky130_fd_sc_hd__buf_1        180
     sky130_fd_sc_hd__buf_12         3
     sky130_fd_sc_hd__buf_2         56
     sky130_fd_sc_hd__buf_4         11
     sky130_fd_sc_hd__buf_6         33
     sky130_fd_sc_hd__buf_8          7
     sky130_fd_sc_hd__bufinv_8       1
     sky130_fd_sc_hd__conb_1         4
     sky130_fd_sc_hd__dfrtp_2      435
     sky130_fd_sc_hd__inv_2       1321
     sky130_fd_sc_hd__inv_4         14
     sky130_fd_sc_hd__inv_6          5
     sky130_fd_sc_hd__nand2_2     2925
     sky130_fd_sc_hd__nand2_4       73
     sky130_fd_sc_hd__nand2_8        3
     sky130_fd_sc_hd__nand2b_2      36
     sky130_fd_sc_hd__nand2b_4       6
     sky130_fd_sc_hd__nand3_2      592
     sky130_fd_sc_hd__nand3_4       10
     sky130_fd_sc_hd__nand3b_2      51
     sky130_fd_sc_hd__nand3b_4      12
     sky130_fd_sc_hd__nor2_2       394
     sky130_fd_sc_hd__nor2_4         7
     sky130_fd_sc_hd__nor2b_2        1
     sky130_fd_sc_hd__nor3_2         6
     sky130_fd_sc_hd__o2111a_2       1
     sky130_fd_sc_hd__o211ai_2       4
     sky130_fd_sc_hd__o21a_2        60
     sky130_fd_sc_hd__o21ai_2       97
     sky130_fd_sc_hd__o21ai_4        1
     sky130_fd_sc_hd__o21ba_2        1
     sky130_fd_sc_hd__o21bai_2       6
     sky130_fd_sc_hd__o221a_2        1
     sky130_fd_sc_hd__o221ai_2       3
     sky130_fd_sc_hd__o311a_2        1
     sky130_fd_sc_hd__o31a_2         1
     sky130_fd_sc_hd__or2_2        367
     sky130_fd_sc_hd__or2_4        152
     sky130_fd_sc_hd__or2b_2        20
     sky130_fd_sc_hd__or2b_4         1
     sky130_fd_sc_hd__or3_2          2
     sky130_fd_sc_hd__or3_4          4
     sky130_fd_sc_hd__or3b_2         2
     sky130_fd_sc_hd__or4_2          1
     sky130_fd_sc_hd__xnor2_2      113
     sky130_fd_sc_hd__xnor2_4        7
     sky130_fd_sc_hd__xor2_2        74
     sky130_fd_sc_hd__xor2_4        14

   Chip area for module '\fir_filter': 61720.444800

