OpenROAD 41a51eaf4ca2171c92ff38afb91eb37bbd3f36da 
This program is licensed under the BSD-3 license. See the LICENSE file for details.
Components of this program may be licensed under more restrictive licenses which must be honored.
[INFO]: Reading ODB at '/openlane/designs/fir_filter/runs/RUN_2026.09.09_21.19.58/results/floorplan/fir_filter.odb'…
define_corners Typical
read_liberty -corner Typical /home/codespace/.ciel/sky130A/libs.ref/sky130_fd_sc_hd/lib/sky130_fd_sc_hd__tt_025C_1v80.lib
Using 1e-12 for capacitance...
Using 1e+03 for resistance...
Using 1e-09 for time...
Using 1e+00 for voltage...
Using 1e-03 for current...
Using 1e-09 for power...
Using 1e-06 for distance...
Reading design constraints file at '/openlane/designs/fir_filter/runs/RUN_2026.09.09_21.19.58/tmp/floorplan/3-initial_fp.sdc'…
[INFO]: Setting RC values...
[INFO]: Setting signal min routing layer to: met1 and clock min routing layer to met3. 
[INFO]: Setting signal max routing layer to: met5 and clock max routing layer to met5. 
[INFO GPL-0002] DBU: 1000
[INFO GPL-0003] SiteSize: 460 2720
[INFO GPL-0004] CoreAreaLxLy: 6440 13600
[INFO GPL-0005] CoreAreaUxUy: 499560 497760
[INFO GPL-0006] NumInstances: 11504
[INFO GPL-0007] NumPlaceInstances: 7728
[INFO GPL-0008] NumFixedInstances: 3776
[INFO GPL-0009] NumDummyInstances: 0
[INFO GPL-0010] NumNets: 7746
[INFO GPL-0011] NumPins: 23216
[INFO GPL-0012] DieAreaLxLy: 0 0
[INFO GPL-0013] DieAreaUxUy: 510000 510000
[INFO GPL-0014] CoreAreaLxLy: 6440 13600
[INFO GPL-0015] CoreAreaUxUy: 499560 497760
[INFO GPL-0016] CoreArea: 238748979200
[INFO GPL-0017] NonPlaceInstsArea: 5615385600
[INFO GPL-0018] PlaceInstsArea: 61720444800
[INFO GPL-0019] Util(%): 26.47
[INFO GPL-0020] StdInstsArea: 61720444800
[INFO GPL-0021] MacroInstsArea: 0
[InitialPlace]  Iter: 1 CG residual: 0.00065589 HPWL: 80334890
[InitialPlace]  Iter: 2 CG residual: 0.00003968 HPWL: 75880990
[InitialPlace]  Iter: 3 CG residual: 0.00000918 HPWL: 75915748
[InitialPlace]  Iter: 4 CG residual: 0.00000827 HPWL: 76095338
[InitialPlace]  Iter: 5 CG residual: 0.00000786 HPWL: 76066701
[INFO GPL-0031] FillerInit: NumGCells: 14698
[INFO GPL-0032] FillerInit: NumGNets: 7746
[INFO GPL-0033] FillerInit: NumGPins: 23216
[INFO GPL-0023] TargetDensity: 0.48
[INFO GPL-0024] AveragePlaceInstArea: 7986600
[INFO GPL-0025] IdealBinArea: 16638750
[INFO GPL-0026] IdealBinCnt: 14348
[INFO GPL-0027] TotalBinArea: 238748979200
[INFO GPL-0028] BinCnt: 64 64
[INFO GPL-0029] BinSize: 7705 7565
[INFO GPL-0030] NumBins: 4096
[NesterovSolve] Iter: 1 overflow: 0.975643 HPWL: 33740110
[NesterovSolve] Iter: 10 overflow: 0.93781 HPWL: 43980149
[NesterovSolve] Iter: 20 overflow: 0.923259 HPWL: 46014138
[NesterovSolve] Iter: 30 overflow: 0.919865 HPWL: 46861475
[NesterovSolve] Iter: 40 overflow: 0.91949 HPWL: 47174551
[NesterovSolve] Iter: 50 overflow: 0.919201 HPWL: 47324595
[NesterovSolve] Iter: 60 overflow: 0.919253 HPWL: 47253187
[NesterovSolve] Iter: 70 overflow: 0.919232 HPWL: 47127137
[NesterovSolve] Iter: 80 overflow: 0.919128 HPWL: 47085287
[NesterovSolve] Iter: 90 overflow: 0.91885 HPWL: 47160489
[NesterovSolve] Iter: 100 overflow: 0.918572 HPWL: 47365065
[NesterovSolve] Iter: 110 overflow: 0.917934 HPWL: 47713730
[NesterovSolve] Iter: 120 overflow: 0.917041 HPWL: 48278862
[NesterovSolve] Iter: 130 overflow: 0.915884 HPWL: 49249354
[NesterovSolve] Iter: 140 overflow: 0.913327 HPWL: 50863125
[NesterovSolve] Iter: 150 overflow: 0.910036 HPWL: 53312295
[NesterovSolve] Iter: 160 overflow: 0.904511 HPWL: 56658335
[NesterovSolve] Iter: 170 overflow: 0.898297 HPWL: 60826685
[NesterovSolve] Iter: 180 overflow: 0.887639 HPWL: 65868557
[NesterovSolve] Iter: 190 overflow: 0.871161 HPWL: 72020624
[NesterovSolve] Iter: 200 overflow: 0.842695 HPWL: 79121654
[NesterovSolve] Iter: 210 overflow: 0.807377 HPWL: 86321692
[INFO GPL-0100] worst slack 3.53e-08
[INFO GPL-0103] Weighted 774 nets.
[NesterovSolve] Iter: 220 overflow: 0.773017 HPWL: 93617332
[NesterovSolve] Iter: 230 overflow: 0.740151 HPWL: 99388416
[NesterovSolve] Iter: 240 overflow: 0.700222 HPWL: 105856931
[NesterovSolve] Iter: 250 overflow: 0.649004 HPWL: 112392776
[INFO GPL-0100] worst slack 3.51e-08
[INFO GPL-0103] Weighted 774 nets.
[NesterovSolve] Iter: 260 overflow: 0.597162 HPWL: 117642410
[NesterovSolve] Snapshot saved at iter = 259
[NesterovSolve] Iter: 270 overflow: 0.543266 HPWL: 122306587
[NesterovSolve] Iter: 280 overflow: 0.486178 HPWL: 126722532
[INFO GPL-0100] worst slack 3.5e-08
[INFO GPL-0103] Weighted 774 nets.
[NesterovSolve] Iter: 290 overflow: 0.427017 HPWL: 129731987
[NesterovSolve] Iter: 300 overflow: 0.372444 HPWL: 132654711
[NesterovSolve] Iter: 310 overflow: 0.326849 HPWL: 134883627
[NesterovSolve] Iter: 320 overflow: 0.299522 HPWL: 136716039
[INFO GPL-0100] worst slack 3.51e-08
[INFO GPL-0103] Weighted 774 nets.
[NesterovSolve] Iter: 330 overflow: 0.28091 HPWL: 137797157
[NesterovSolve] Iter: 340 overflow: 0.255849 HPWL: 137822963
[NesterovSolve] Iter: 350 overflow: 0.228401 HPWL: 138061156
[NesterovSolve] Iter: 360 overflow: 0.20733 HPWL: 138309185
[INFO GPL-0100] worst slack 3.51e-08
[INFO GPL-0103] Weighted 774 nets.
[INFO GPL-0075] Routability numCall: 1 inflationIterCnt: 1 bloatIterCnt: 0
[INFO GPL-0036] TileLxLy: 0 0
[INFO GPL-0037] TileSize: 6900 6900
[INFO GPL-0038] TileCnt: 73 73
[INFO GPL-0039] numRoutingLayers: 6
[INFO GPL-0040] NumTiles: 5329
[INFO GPL-0063] TotalRouteOverflowH2: 0.10000002384185791
[INFO GPL-0064] TotalRouteOverflowV2: 0.0
[INFO GPL-0065] OverflowTileCnt2: 1
[INFO GPL-0066] 0.5%RC: 1.0019230773815742
[INFO GPL-0067] 1.0%RC: 1.000961538690787
[INFO GPL-0068] 2.0%RC: 0.9828502374570727
[INFO GPL-0069] 5.0%RC: 0.926356584295746
[INFO GPL-0070] 0.5rcK: 1.0
[INFO GPL-0071] 1.0rcK: 1.0
[INFO GPL-0072] 2.0rcK: 0.0
[INFO GPL-0073] 5.0rcK: 0.0
[INFO GPL-0074] FinalRC: 1.0014423
[NesterovSolve] Iter: 370 overflow: 0.189707 HPWL: 137492378
[NesterovSolve] Iter: 380 overflow: 0.167444 HPWL: 137401326
[NesterovSolve] Iter: 390 overflow: 0.149434 HPWL: 137339729
[INFO GPL-0100] worst slack 3.52e-08
[INFO GPL-0103] Weighted 774 nets.
[NesterovSolve] Iter: 400 overflow: 0.134156 HPWL: 137224519
[NesterovSolve] Iter: 410 overflow: 0.115687 HPWL: 137193884
[NesterovSolve] Iter: 420 overflow: 0.101406 HPWL: 137092838
[NesterovSolve] Finished with Overflow: 0.099407
Setting global connections for newly added cells…
Writing OpenROAD database to '/openlane/designs/fir_filter/runs/RUN_2026.09.09_21.19.58/tmp/placement/7-global.odb'…
Writing netlist to '/openlane/designs/fir_filter/runs/RUN_2026.09.09_21.19.58/tmp/placement/7-global.nl.v'…
Writing powered netlist to '/openlane/designs/fir_filter/runs/RUN_2026.09.09_21.19.58/tmp/placement/7-global.pnl.v'…
Writing layout to '/openlane/designs/fir_filter/runs/RUN_2026.09.09_21.19.58/tmp/placement/7-global.def'…

