OpenROAD 41a51eaf4ca2171c92ff38afb91eb37bbd3f36da 
This program is licensed under the BSD-3 license. See the LICENSE file for details.
Components of this program may be licensed under more restrictive licenses which must be honored.
[INFO]: Reading ODB at '/openlane/designs/fir_filter/runs/RUN_2026.09.09_21.19.58/tmp/routing/21-fill.odb'…
define_corners Typical
read_liberty -corner Typical /home/codespace/.ciel/sky130A/libs.ref/sky130_fd_sc_hd/lib/sky130_fd_sc_hd__tt_025C_1v80.lib
Using 1e-12 for capacitance...
Using 1e+03 for resistance...
Using 1e-09 for time...
Using 1e+00 for voltage...
Using 1e-03 for current...
Using 1e-09 for power...
Using 1e-06 for distance...
Reading design constraints file at '/openlane/designs/fir_filter/runs/RUN_2026.09.09_21.19.58/tmp/16-fir_filter.sdc'…
[INFO ORD-0030] Using 2 thread(s).
[INFO DRT-0149] Reading tech and libs.

Units:                1000
Number of layers:     13
Number of macros:     441
Number of vias:       25
Number of viarulegen: 25

[INFO DRT-0150] Reading design.

Design:                   fir_filter
Die area:                 ( 0 0 ) ( 510000 510000 )
Number of track patterns: 12
Number of DEF vias:       0
Number of components:     31002
Number of terminals:      52
Number of snets:          2
Number of nets:           7899

[INFO DRT-0167] List of default vias:
  Layer mcon
    default via: L1M1_PR
  Layer via
    default via: M1M2_PR
  Layer via2
    default via: M2M3_PR
  Layer via3
    default via: M3M4_PR
  Layer via4
    default via: M4M5_PR
[INFO DRT-0162] Library cell analysis.
[INFO DRT-0163] Instance analysis.
  Complete 10000 instances.
  Complete 20000 instances.
  Complete 30000 instances.
[INFO DRT-0164] Number of unique instances = 157.
[INFO DRT-0168] Init region query.
[INFO DRT-0018]   Complete 10000 insts.
[INFO DRT-0018]   Complete 20000 insts.
[INFO DRT-0018]   Complete 30000 insts.
[INFO DRT-0024]   Complete FR_MASTERSLICE.
[INFO DRT-0024]   Complete licon.
[INFO DRT-0024]   Complete li1.
[INFO DRT-0024]   Complete mcon.
[INFO DRT-0024]   Complete met1.
[INFO DRT-0024]   Complete via.
[INFO DRT-0024]   Complete met2.
[INFO DRT-0024]   Complete via2.
[INFO DRT-0024]   Complete met3.
[INFO DRT-0024]   Complete via3.
[INFO DRT-0024]   Complete met4.
[INFO DRT-0024]   Complete via4.
[INFO DRT-0024]   Complete met5.
[INFO DRT-0033] FR_MASTERSLICE shape region query size = 0.
[INFO DRT-0033] licon shape region query size = 0.
[INFO DRT-0033] li1 shape region query size = 250511.
[INFO DRT-0033] mcon shape region query size = 220032.
[INFO DRT-0033] met1 shape region query size = 71381.
[INFO DRT-0033] via shape region query size = 1790.
[INFO DRT-0033] met2 shape region query size = 1100.
[INFO DRT-0033] via2 shape region query size = 1432.
[INFO DRT-0033] met3 shape region query size = 1098.
[INFO DRT-0033] via3 shape region query size = 1432.
[INFO DRT-0033] met4 shape region query size = 930.
[INFO DRT-0033] via4 shape region query size = 556.
[INFO DRT-0033] met5 shape region query size = 834.
[INFO DRT-0165] Start pin access.
[INFO DRT-0076]   Complete 100 pins.
[INFO DRT-0076]   Complete 200 pins.
[INFO DRT-0076]   Complete 300 pins.
[INFO DRT-0076]   Complete 400 pins.
[INFO DRT-0078]   Complete 462 pins.
[INFO DRT-0079]   Complete 100 unique inst patterns.
[INFO DRT-0081]   Complete 139 unique inst patterns.
[INFO DRT-0082]   Complete 1000 groups.
[INFO DRT-0082]   Complete 2000 groups.
[INFO DRT-0082]   Complete 3000 groups.
[INFO DRT-0082]   Complete 4000 groups.
[INFO DRT-0084]   Complete 4658 groups.
#scanned instances     = 31002
#unique  instances     = 157
#stdCellGenAp          = 3858
#stdCellValidPlanarAp  = 40
#stdCellValidViaAp     = 2828
#stdCellPinNoAp        = 0
#stdCellPinCnt         = 23472
#instTermValidViaApCnt = 0
#macroGenAp            = 0
#macroValidPlanarAp    = 0
#macroValidViaAp       = 0
#macroNoAp             = 0
[INFO DRT-0166] Complete pin access.
[INFO DRT-0267] cpu time = 00:01:40, elapsed time = 00:00:56, memory = 221.38 (MB), peak = 223.54 (MB)

Number of guides:     43386

[INFO DRT-0169] Post process guides.
[INFO DRT-0176] GCELLGRID X 0 DO 73 STEP 6900 ;
[INFO DRT-0177] GCELLGRID Y 0 DO 73 STEP 6900 ;
[INFO DRT-0026]   Complete 10000 origin guides.
[INFO DRT-0026]   Complete 20000 origin guides.
[INFO DRT-0026]   Complete 30000 origin guides.
[INFO DRT-0026]   Complete 40000 origin guides.
[INFO DRT-0028]   Complete FR_MASTERSLICE.
[INFO DRT-0028]   Complete licon.
[INFO DRT-0028]   Complete li1.
[INFO DRT-0028]   Complete mcon.
[INFO DRT-0028]   Complete met1.
[INFO DRT-0028]   Complete via.
[INFO DRT-0028]   Complete met2.
[INFO DRT-0028]   Complete via2.
[INFO DRT-0028]   Complete met3.
[INFO DRT-0028]   Complete via3.
[INFO DRT-0028]   Complete met4.
[INFO DRT-0028]   Complete via4.
[INFO DRT-0028]   Complete met5.
[INFO DRT-0178] Init guide query.
[INFO DRT-0035]   Complete FR_MASTERSLICE (guide).
[INFO DRT-0035]   Complete licon (guide).
[INFO DRT-0035]   Complete li1 (guide).
[INFO DRT-0035]   Complete mcon (guide).
[INFO DRT-0035]   Complete met1 (guide).
[INFO DRT-0035]   Complete via (guide).
[INFO DRT-0035]   Complete met2 (guide).
[INFO DRT-0035]   Complete via2 (guide).
[INFO DRT-0035]   Complete met3 (guide).
[INFO DRT-0035]   Complete via3 (guide).
[INFO DRT-0035]   Complete met4 (guide).
[INFO DRT-0035]   Complete via4 (guide).
[INFO DRT-0035]   Complete met5 (guide).
[INFO DRT-0036] FR_MASTERSLICE guide region query size = 0.
[INFO DRT-0036] licon guide region query size = 0.
[INFO DRT-0036] li1 guide region query size = 16968.
[INFO DRT-0036] mcon guide region query size = 0.
[INFO DRT-0036] met1 guide region query size = 12146.
[INFO DRT-0036] via guide region query size = 0.
[INFO DRT-0036] met2 guide region query size = 5237.
[INFO DRT-0036] via2 guide region query size = 0.
[INFO DRT-0036] met3 guide region query size = 183.
[INFO DRT-0036] via3 guide region query size = 0.
[INFO DRT-0036] met4 guide region query size = 66.
[INFO DRT-0036] via4 guide region query size = 0.
[INFO DRT-0036] met5 guide region query size = 0.
[INFO DRT-0179] Init gr pin query.
[INFO DRT-0245] skipped writing guide updates to database.
[INFO DRT-0185] Post process initialize RPin region query.
[INFO DRT-0181] Start track assignment.
[INFO DRT-0184] Done with 22271 vertical wires in 2 frboxes and 12329 horizontal wires in 2 frboxes.
[INFO DRT-0186] Done with 1257 vertical wires in 2 frboxes and 3755 horizontal wires in 2 frboxes.
[INFO DRT-0182] Complete track assignment.
[INFO DRT-0267] cpu time = 00:00:03, elapsed time = 00:00:02, memory = 295.91 (MB), peak = 316.34 (MB)
[INFO DRT-0187] Start routing data preparation.
[INFO DRT-0267] cpu time = 00:00:00, elapsed time = 00:00:00, memory = 295.91 (MB), peak = 316.34 (MB)
[INFO DRT-0194] Start detail routing.
[INFO DRT-0195] Start 0th optimization iteration.
    Completing 10% with 0 violations.
    elapsed time = 00:00:06, memory = 419.13 (MB).
    Completing 20% with 0 violations.
    elapsed time = 00:00:20, memory = 650.52 (MB).
    Completing 30% with 767 violations.
    elapsed time = 00:00:24, memory = 533.52 (MB).
    Completing 40% with 767 violations.
    elapsed time = 00:00:37, memory = 696.22 (MB).
    Completing 50% with 767 violations.
    elapsed time = 00:00:44, memory = 761.76 (MB).
    Completing 60% with 1620 violations.
    elapsed time = 00:00:49, memory = 569.88 (MB).
    Completing 70% with 1620 violations.
    elapsed time = 00:01:01, memory = 687.09 (MB).
    Completing 80% with 2425 violations.
    elapsed time = 00:01:07, memory = 765.62 (MB).
    Completing 90% with 2425 violations.
    elapsed time = 00:01:20, memory = 765.66 (MB).
    Completing 100% with 3248 violations.
    elapsed time = 00:01:28, memory = 757.65 (MB).
[INFO DRT-0199]   Number of violations = 3796.
Viol/Layer         li1   mcon   met1    via   met2   met3   met4
Cut Spacing          0      4      0      0      0      0      0
Metal Spacing       36      0    775      0     78      3      0
Min Hole             0      0      4      0      0      0      0
Recheck              2      0    377      0    157      9      3
Short                0      0   2263      8     77      0      0
[INFO DRT-0267] cpu time = 00:02:38, elapsed time = 00:01:29, memory = 871.45 (MB), peak = 871.15 (MB)
Total wire length = 170243 um.
Total wire length on LAYER li1 = 0 um.
Total wire length on LAYER met1 = 87823 um.
Total wire length on LAYER met2 = 71231 um.
Total wire length on LAYER met3 = 6758 um.
Total wire length on LAYER met4 = 4430 um.
Total wire length on LAYER met5 = 0 um.
Total number of vias = 43450.
Up-via summary (total 43450):.

------------------------
 FR_MASTERSLICE        0
            li1    23054
           met1    20020
           met2      267
           met3      109
           met4        0
------------------------
                   43450


[INFO DRT-0195] Start 1st optimization iteration.
    Completing 10% with 3796 violations.
    elapsed time = 00:00:06, memory = 711.59 (MB).
    Completing 20% with 3796 violations.
    elapsed time = 00:00:18, memory = 805.38 (MB).
    Completing 30% with 3364 violations.
    elapsed time = 00:00:22, memory = 637.80 (MB).
    Completing 40% with 3364 violations.
    elapsed time = 00:00:32, memory = 752.40 (MB).
    Completing 50% with 3364 violations.
    elapsed time = 00:00:40, memory = 844.96 (MB).
    Completing 60% with 3086 violations.
    elapsed time = 00:00:44, memory = 703.54 (MB).
    Completing 70% with 3086 violations.
    elapsed time = 00:00:57, memory = 798.40 (MB).
    Completing 80% with 2549 violations.
    elapsed time = 00:01:05, memory = 655.91 (MB).
    Completing 90% with 2549 violations.
    elapsed time = 00:01:18, memory = 793.82 (MB).
    Completing 100% with 2219 violations.
    elapsed time = 00:01:25, memory = 877.62 (MB).
[INFO DRT-0199]   Number of violations = 2219.
Viol/Layer        mcon   met1   met2
Cut Spacing          2      0      0
Metal Spacing        0    513     10
Short                0   1663     31
[INFO DRT-0267] cpu time = 00:02:34, elapsed time = 00:01:26, memory = 878.52 (MB), peak = 886.18 (MB)
Total wire length = 169447 um.
Total wire length on LAYER li1 = 0 um.
Total wire length on LAYER met1 = 87445 um.
Total wire length on LAYER met2 = 70786 um.
Total wire length on LAYER met3 = 6786 um.
Total wire length on LAYER met4 = 4428 um.
Total wire length on LAYER met5 = 0 um.
Total number of vias = 43381.
Up-via summary (total 43381):.

------------------------
 FR_MASTERSLICE        0
            li1    23038
           met1    19960
           met2      275
           met3      108
           met4        0
------------------------
                   43381


[INFO DRT-0195] Start 2nd optimization iteration.
    Completing 10% with 2219 violations.
    elapsed time = 00:00:15, memory = 834.78 (MB).
    Completing 20% with 2219 violations.
    elapsed time = 00:00:29, memory = 834.80 (MB).
    Completing 30% with 2118 violations.
    elapsed time = 00:00:33, memory = 667.23 (MB).
    Completing 40% with 2118 violations.
    elapsed time = 00:00:44, memory = 754.87 (MB).
    Completing 50% with 2118 violations.
    elapsed time = 00:00:48, memory = 800.59 (MB).
    Completing 60% with 2082 violations.
    elapsed time = 00:01:01, memory = 715.03 (MB).
    Completing 70% with 2082 violations.
    elapsed time = 00:01:11, memory = 794.49 (MB).
    Completing 80% with 1942 violations.
    elapsed time = 00:01:16, memory = 687.19 (MB).
    Completing 90% with 1942 violations.
    elapsed time = 00:01:27, memory = 785.58 (MB).
    Completing 100% with 2032 violations.
    elapsed time = 00:01:32, memory = 628.37 (MB).
[INFO DRT-0199]   Number of violations = 2032.
Viol/Layer        mcon   met1   met2
Cut Spacing          4      0      0
Metal Spacing        0    480     17
Short                0   1496     35
[INFO DRT-0267] cpu time = 00:02:21, elapsed time = 00:01:32, memory = 645.20 (MB), peak = 886.18 (MB)
Total wire length = 169229 um.
Total wire length on LAYER li1 = 0 um.
Total wire length on LAYER met1 = 87235 um.
Total wire length on LAYER met2 = 70852 um.
Total wire length on LAYER met3 = 6698 um.
Total wire length on LAYER met4 = 4442 um.
Total wire length on LAYER met5 = 0 um.
Total number of vias = 43303.
Up-via summary (total 43303):.

------------------------
 FR_MASTERSLICE        0
            li1    23038
           met1    19907
           met2      252
           met3      106
           met4        0
------------------------
                   43303


[INFO DRT-0195] Start 3rd optimization iteration.
    Completing 10% with 2032 violations.
    elapsed time = 00:00:08, memory = 690.13 (MB).
    Completing 20% with 2032 violations.
    elapsed time = 00:00:21, memory = 771.80 (MB).
    Completing 30% with 1537 violations.
    elapsed time = 00:00:25, memory = 629.43 (MB).
    Completing 40% with 1537 violations.
    elapsed time = 00:00:36, memory = 725.35 (MB).
    Completing 50% with 1537 violations.
    elapsed time = 00:00:46, memory = 815.57 (MB).
    Completing 60% with 1166 violations.
    elapsed time = 00:00:51, memory = 670.07 (MB).
    Completing 70% with 1166 violations.
    elapsed time = 00:01:04, memory = 747.12 (MB).
    Completing 80% with 794 violations.
    elapsed time = 00:01:09, memory = 629.53 (MB).
    Completing 90% with 794 violations.
    elapsed time = 00:01:25, memory = 772.18 (MB).
    Completing 100% with 537 violations.
    elapsed time = 00:01:34, memory = 629.43 (MB).
[INFO DRT-0199]   Number of violations = 537.
Viol/Layer        mcon   met1   met2
Cut Spacing          1      0      0
Metal Spacing        0    149     12
Short                0    371      4
[INFO DRT-0267] cpu time = 00:02:46, elapsed time = 00:01:35, memory = 634.08 (MB), peak = 886.18 (MB)
Total wire length = 169644 um.
Total wire length on LAYER li1 = 0 um.
Total wire length on LAYER met1 = 85001 um.
Total wire length on LAYER met2 = 71459 um.
Total wire length on LAYER met3 = 8752 um.
Total wire length on LAYER met4 = 4431 um.
Total wire length on LAYER met5 = 0 um.
Total number of vias = 44401.
Up-via summary (total 44401):.

------------------------
 FR_MASTERSLICE        0
            li1    23038
           met1    20683
           met2      573
           met3      107
           met4        0
------------------------
                   44401


[INFO DRT-0195] Start 4th optimization iteration.
    Completing 10% with 537 violations.
    elapsed time = 00:00:02, memory = 687.21 (MB).
    Completing 20% with 537 violations.
    elapsed time = 00:00:06, memory = 767.29 (MB).
    Completing 30% with 473 violations.
    elapsed time = 00:00:07, memory = 630.15 (MB).
    Completing 40% with 473 violations.
    elapsed time = 00:00:09, memory = 690.96 (MB).
    Completing 50% with 473 violations.
    elapsed time = 00:00:11, memory = 765.20 (MB).
    Completing 60% with 409 violations.
    elapsed time = 00:00:13, memory = 667.35 (MB).
    Completing 70% with 409 violations.
    elapsed time = 00:00:21, memory = 756.17 (MB).
    Completing 80% with 269 violations.
    elapsed time = 00:00:26, memory = 629.43 (MB).
    Completing 90% with 269 violations.
    elapsed time = 00:00:30, memory = 672.36 (MB).
    Completing 100% with 137 violations.
    elapsed time = 00:00:33, memory = 629.87 (MB).
[INFO DRT-0199]   Number of violations = 137.
Viol/Layer        met1   met2
Metal Spacing       37      3
Short               93      4
[INFO DRT-0267] cpu time = 00:00:56, elapsed time = 00:00:33, memory = 630.20 (MB), peak = 886.18 (MB)
Total wire length = 169760 um.
Total wire length on LAYER li1 = 0 um.
Total wire length on LAYER met1 = 84673 um.
Total wire length on LAYER met2 = 71560 um.
Total wire length on LAYER met3 = 9095 um.
Total wire length on LAYER met4 = 4431 um.
Total wire length on LAYER met5 = 0 um.
Total number of vias = 44534.
Up-via summary (total 44534):.

------------------------
 FR_MASTERSLICE        0
            li1    23038
           met1    20765
           met2      624
           met3      107
           met4        0
------------------------
                   44534


[INFO DRT-0195] Start 5th optimization iteration.
    Completing 10% with 137 violations.
    elapsed time = 00:00:00, memory = 630.20 (MB).
    Completing 20% with 137 violations.
    elapsed time = 00:00:01, memory = 678.20 (MB).
    Completing 30% with 101 violations.
    elapsed time = 00:00:03, memory = 630.09 (MB).
    Completing 40% with 101 violations.
    elapsed time = 00:00:03, memory = 630.09 (MB).
    Completing 50% with 101 violations.
    elapsed time = 00:00:03, memory = 630.09 (MB).
    Completing 60% with 101 violations.
    elapsed time = 00:00:03, memory = 630.09 (MB).
    Completing 70% with 101 violations.
    elapsed time = 00:00:06, memory = 692.84 (MB).
    Completing 80% with 32 violations.
    elapsed time = 00:00:08, memory = 630.10 (MB).
    Completing 90% with 32 violations.
    elapsed time = 00:00:08, memory = 630.10 (MB).
    Completing 100% with 15 violations.
    elapsed time = 00:00:11, memory = 630.10 (MB).
[INFO DRT-0199]   Number of violations = 15.
Viol/Layer        met1
Metal Spacing        4
Short               11
[INFO DRT-0267] cpu time = 00:00:16, elapsed time = 00:00:11, memory = 630.10 (MB), peak = 886.18 (MB)
Total wire length = 169706 um.
Total wire length on LAYER li1 = 0 um.
Total wire length on LAYER met1 = 84546 um.
Total wire length on LAYER met2 = 71563 um.
Total wire length on LAYER met3 = 9165 um.
Total wire length on LAYER met4 = 4431 um.
Total wire length on LAYER met5 = 0 um.
Total number of vias = 44544.
Up-via summary (total 44544):.

------------------------
 FR_MASTERSLICE        0
            li1    23038
           met1    20768
           met2      631
           met3      107
           met4        0
------------------------
                   44544


[INFO DRT-0195] Start 6th optimization iteration.
    Completing 10% with 15 violations.
    elapsed time = 00:00:00, memory = 630.10 (MB).
    Completing 20% with 15 violations.
    elapsed time = 00:00:00, memory = 630.10 (MB).
    Completing 30% with 15 violations.
    elapsed time = 00:00:01, memory = 630.45 (MB).
    Completing 40% with 15 violations.
    elapsed time = 00:00:01, memory = 630.45 (MB).
    Completing 50% with 15 violations.
    elapsed time = 00:00:01, memory = 630.45 (MB).
    Completing 60% with 9 violations.
    elapsed time = 00:00:02, memory = 629.96 (MB).
    Completing 70% with 9 violations.
    elapsed time = 00:00:02, memory = 629.96 (MB).
    Completing 80% with 3 violations.
    elapsed time = 00:00:02, memory = 629.96 (MB).
    Completing 90% with 3 violations.
    elapsed time = 00:00:02, memory = 629.96 (MB).
    Completing 100% with 2 violations.
    elapsed time = 00:00:02, memory = 629.96 (MB).
[INFO DRT-0199]   Number of violations = 2.
Viol/Layer        met1
Short                2
[INFO DRT-0267] cpu time = 00:00:03, elapsed time = 00:00:03, memory = 629.96 (MB), peak = 886.18 (MB)
Total wire length = 169704 um.
Total wire length on LAYER li1 = 0 um.
Total wire length on LAYER met1 = 84548 um.
Total wire length on LAYER met2 = 71559 um.
Total wire length on LAYER met3 = 9165 um.
Total wire length on LAYER met4 = 4431 um.
Total wire length on LAYER met5 = 0 um.
Total number of vias = 44540.
Up-via summary (total 44540):.

------------------------
 FR_MASTERSLICE        0
            li1    23038
           met1    20764
           met2      631
           met3      107
           met4        0
------------------------
                   44540


[INFO DRT-0195] Start 7th optimization iteration.
    Completing 10% with 2 violations.
    elapsed time = 00:00:00, memory = 629.96 (MB).
    Completing 20% with 2 violations.
    elapsed time = 00:00:00, memory = 629.96 (MB).
    Completing 30% with 2 violations.
    elapsed time = 00:00:01, memory = 629.96 (MB).
    Completing 40% with 2 violations.
    elapsed time = 00:00:01, memory = 629.96 (MB).
    Completing 50% with 2 violations.
    elapsed time = 00:00:01, memory = 629.96 (MB).
    Completing 60% with 2 violations.
    elapsed time = 00:00:01, memory = 629.96 (MB).
    Completing 70% with 2 violations.
    elapsed time = 00:00:01, memory = 629.96 (MB).
    Completing 80% with 2 violations.
    elapsed time = 00:00:01, memory = 629.96 (MB).
    Completing 90% with 2 violations.
    elapsed time = 00:00:01, memory = 629.96 (MB).
    Completing 100% with 2 violations.
    elapsed time = 00:00:01, memory = 629.96 (MB).
[INFO DRT-0199]   Number of violations = 2.
Viol/Layer        met1
Short                2
[INFO DRT-0267] cpu time = 00:00:01, elapsed time = 00:00:01, memory = 629.96 (MB), peak = 886.18 (MB)
Total wire length = 169704 um.
Total wire length on LAYER li1 = 0 um.
Total wire length on LAYER met1 = 84548 um.
Total wire length on LAYER met2 = 71559 um.
Total wire length on LAYER met3 = 9165 um.
Total wire length on LAYER met4 = 4431 um.
Total wire length on LAYER met5 = 0 um.
Total number of vias = 44540.
Up-via summary (total 44540):.

------------------------
 FR_MASTERSLICE        0
            li1    23038
           met1    20764
           met2      631
           met3      107
           met4        0
------------------------
                   44540


[INFO DRT-0195] Start 8th optimization iteration.
    Completing 10% with 2 violations.
    elapsed time = 00:00:00, memory = 629.96 (MB).
    Completing 20% with 2 violations.
    elapsed time = 00:00:00, memory = 629.96 (MB).
    Completing 30% with 2 violations.
    elapsed time = 00:00:01, memory = 630.39 (MB).
    Completing 40% with 2 violations.
    elapsed time = 00:00:01, memory = 630.39 (MB).
    Completing 50% with 2 violations.
    elapsed time = 00:00:01, memory = 630.39 (MB).
    Completing 60% with 2 violations.
    elapsed time = 00:00:01, memory = 630.39 (MB).
    Completing 70% with 2 violations.
    elapsed time = 00:00:01, memory = 630.39 (MB).
    Completing 80% with 2 violations.
    elapsed time = 00:00:01, memory = 630.39 (MB).
    Completing 90% with 2 violations.
    elapsed time = 00:00:01, memory = 630.39 (MB).
    Completing 100% with 2 violations.
    elapsed time = 00:00:01, memory = 630.39 (MB).
[INFO DRT-0199]   Number of violations = 2.
Viol/Layer        met1
Short                2
[INFO DRT-0267] cpu time = 00:00:01, elapsed time = 00:00:01, memory = 630.39 (MB), peak = 886.18 (MB)
Total wire length = 169704 um.
Total wire length on LAYER li1 = 0 um.
Total wire length on LAYER met1 = 84548 um.
Total wire length on LAYER met2 = 71559 um.
Total wire length on LAYER met3 = 9165 um.
Total wire length on LAYER met4 = 4431 um.
Total wire length on LAYER met5 = 0 um.
Total number of vias = 44540.
Up-via summary (total 44540):.

------------------------
 FR_MASTERSLICE        0
            li1    23038
           met1    20764
           met2      631
           met3      107
           met4        0
------------------------
                   44540


[INFO DRT-0195] Start 9th optimization iteration.
    Completing 10% with 2 violations.
    elapsed time = 00:00:00, memory = 630.39 (MB).
    Completing 20% with 2 violations.
    elapsed time = 00:00:00, memory = 630.39 (MB).
    Completing 30% with 0 violations.
    elapsed time = 00:00:00, memory = 630.39 (MB).
    Completing 40% with 0 violations.
    elapsed time = 00:00:00, memory = 630.39 (MB).
    Completing 50% with 0 violations.
    elapsed time = 00:00:00, memory = 630.39 (MB).
    Completing 60% with 0 violations.
    elapsed time = 00:00:00, memory = 630.39 (MB).
    Completing 70% with 0 violations.
    elapsed time = 00:00:00, memory = 630.39 (MB).
    Completing 80% with 0 violations.
    elapsed time = 00:00:00, memory = 630.39 (MB).
    Completing 90% with 0 violations.
    elapsed time = 00:00:00, memory = 630.39 (MB).
    Completing 100% with 0 violations.
    elapsed time = 00:00:00, memory = 630.39 (MB).
[INFO DRT-0199]   Number of violations = 0.
[INFO DRT-0267] cpu time = 00:00:00, elapsed time = 00:00:00, memory = 630.39 (MB), peak = 886.18 (MB)
Total wire length = 169704 um.
Total wire length on LAYER li1 = 0 um.
Total wire length on LAYER met1 = 84548 um.
Total wire length on LAYER met2 = 71558 um.
Total wire length on LAYER met3 = 9165 um.
Total wire length on LAYER met4 = 4431 um.
Total wire length on LAYER met5 = 0 um.
Total number of vias = 44538.
Up-via summary (total 44538):.

------------------------
 FR_MASTERSLICE        0
            li1    23038
           met1    20762
           met2      631
           met3      107
           met4        0
------------------------
                   44538


[INFO DRT-0198] Complete detail routing.
Total wire length = 169704 um.
Total wire length on LAYER li1 = 0 um.
Total wire length on LAYER met1 = 84548 um.
Total wire length on LAYER met2 = 71558 um.
Total wire length on LAYER met3 = 9165 um.
Total wire length on LAYER met4 = 4431 um.
Total wire length on LAYER met5 = 0 um.
Total number of vias = 44538.
Up-via summary (total 44538):.

------------------------
 FR_MASTERSLICE        0
            li1    23038
           met1    20762
           met2      631
           met3      107
           met4        0
------------------------
                   44538


[INFO DRT-0267] cpu time = 00:11:40, elapsed time = 00:06:54, memory = 630.39 (MB), peak = 886.18 (MB)

[INFO DRT-0180] Post processing.
Setting global connections for newly added cells…
Writing OpenROAD database to '/openlane/designs/fir_filter/runs/RUN_2026.09.09_21.19.58/results/routing/fir_filter.odb'…
Writing netlist to '/openlane/designs/fir_filter/runs/RUN_2026.09.09_21.19.58/results/routing/fir_filter.nl.v'…
Writing powered netlist to '/openlane/designs/fir_filter/runs/RUN_2026.09.09_21.19.58/results/routing/fir_filter.pnl.v'…
Writing layout to '/openlane/designs/fir_filter/runs/RUN_2026.09.09_21.19.58/results/routing/fir_filter.def'…

