OpenROAD 41a51eaf4ca2171c92ff38afb91eb37bbd3f36da 
This program is licensed under the BSD-3 license. See the LICENSE file for details.
Components of this program may be licensed under more restrictive licenses which must be honored.
[INFO]: Reading ODB at '/openlane/designs/fir_filter/runs/RUN_2026.09.09_21.19.58/results/cts/fir_filter.odb'…
define_corners Slowest Typical Fastest
read_liberty -corner Slowest /home/codespace/.ciel/sky130A/libs.ref/sky130_fd_sc_hd/lib/sky130_fd_sc_hd__ss_100C_1v60.lib
read_liberty -corner Typical /home/codespace/.ciel/sky130A/libs.ref/sky130_fd_sc_hd/lib/sky130_fd_sc_hd__tt_025C_1v80.lib
read_liberty -corner Fastest /home/codespace/.ciel/sky130A/libs.ref/sky130_fd_sc_hd/lib/sky130_fd_sc_hd__ff_n40C_1v95.lib
Using 1e-12 for capacitance...
Using 1e+03 for resistance...
Using 1e-09 for time...
Using 1e+00 for voltage...
Using 1e-03 for current...
Using 1e-09 for power...
Using 1e-06 for distance...
Reading design constraints file at '/openlane/designs/fir_filter/runs/RUN_2026.09.09_21.19.58/results/cts/fir_filter.sdc'…
[INFO]: Setting signal min routing layer to: met1 and clock min routing layer to met3. 
[INFO]: Setting signal max routing layer to: met5 and clock max routing layer to met5. 
-congestion_iterations 50 -verbose -congestion_report_file /openlane/designs/fir_filter/runs/RUN_2026.09.09_21.19.58/tmp/routing/resizer-routing-design-congestion.rpt
[INFO GRT-0020] Min routing layer: met1
[INFO GRT-0021] Max routing layer: met5
[INFO GRT-0022] Global adjustment: 30%
[INFO GRT-0023] Grid origin: (0, 0)
[INFO GRT-0043] No OR_DEFAULT vias defined.
[INFO GRT-0088] Layer li1     Track-Pitch = 0.4600  line-2-Via Pitch: 0.3400
[INFO GRT-0088] Layer met1    Track-Pitch = 0.3400  line-2-Via Pitch: 0.3400
[INFO GRT-0088] Layer met2    Track-Pitch = 0.4600  line-2-Via Pitch: 0.3500
[INFO GRT-0088] Layer met3    Track-Pitch = 0.6800  line-2-Via Pitch: 0.6150
[INFO GRT-0088] Layer met4    Track-Pitch = 0.9200  line-2-Via Pitch: 1.0400
[INFO GRT-0088] Layer met5    Track-Pitch = 3.4000  line-2-Via Pitch: 3.1100
[INFO GRT-0019] Found 76 clock nets.
[INFO GRT-0001] Minimum degree: 2
[INFO GRT-0002] Maximum degree: 14
[INFO GRT-0003] Macros: 0
[WARNING GRT-0040] Net VPWR has wires outside die area.
[WARNING GRT-0040] Net VPWR has wires outside die area.
[WARNING GRT-0040] Net VPWR has wires outside die area.
[WARNING GRT-0040] Net VPWR has wires outside die area.
[WARNING GRT-0040] Net VPWR has wires outside die area.
[WARNING GRT-0040] Net VPWR has wires outside die area.
[WARNING GRT-0040] Net VPWR has wires outside die area.
[WARNING GRT-0040] Net VPWR has wires outside die area.
[WARNING GRT-0040] Net VPWR has wires outside die area.
[WARNING GRT-0040] Net VPWR has wires outside die area.
[WARNING GRT-0040] Net VPWR has wires outside die area.
[WARNING GRT-0040] Net VPWR has wires outside die area.
[WARNING GRT-0040] Net VPWR has wires outside die area.
[WARNING GRT-0040] Net VPWR has wires outside die area.
[WARNING GRT-0040] Net VPWR has wires outside die area.
[WARNING GRT-0040] Net VPWR has wires outside die area.
[WARNING GRT-0040] Net VPWR has wires outside die area.
[WARNING GRT-0040] Net VPWR has wires outside die area.
[WARNING GRT-0040] Net VPWR has wires outside die area.
[WARNING GRT-0040] Net VPWR has wires outside die area.
[WARNING GRT-0040] Net VPWR has wires outside die area.
[WARNING GRT-0040] Net VPWR has wires outside die area.
[WARNING GRT-0040] Net VPWR has wires outside die area.
[WARNING GRT-0040] Net VPWR has wires outside die area.
[WARNING GRT-0040] Net VPWR has wires outside die area.
[WARNING GRT-0040] Net VPWR has wires outside die area.
[WARNING GRT-0040] Net VPWR has wires outside die area.
[WARNING GRT-0040] Net VPWR has wires outside die area.
[WARNING GRT-0040] Net VPWR has wires outside die area.
[WARNING GRT-0040] Net VPWR has wires outside die area.
[WARNING GRT-0040] Net VPWR has wires outside die area.
[WARNING GRT-0040] Net VPWR has wires outside die area.
[WARNING GRT-0040] Net VPWR has wires outside die area.
[WARNING GRT-0040] Net VPWR has wires outside die area.
[WARNING GRT-0040] Net VPWR has wires outside die area.
[WARNING GRT-0040] Net VPWR has wires outside die area.
[WARNING GRT-0040] Net VPWR has wires outside die area.
[WARNING GRT-0040] Net VPWR has wires outside die area.
[WARNING GRT-0040] Net VPWR has wires outside die area.
[WARNING GRT-0040] Net VPWR has wires outside die area.
[WARNING GRT-0040] Net VPWR has wires outside die area.
[WARNING GRT-0040] Net VPWR has wires outside die area.
[WARNING GRT-0040] Net VPWR has wires outside die area.
[WARNING GRT-0040] Net VPWR has wires outside die area.
[WARNING GRT-0040] Net VPWR has wires outside die area.
[WARNING GRT-0040] Net VPWR has wires outside die area.
[WARNING GRT-0040] Net VPWR has wires outside die area.
[WARNING GRT-0040] Net VPWR has wires outside die area.
[WARNING GRT-0040] Net VPWR has wires outside die area.
[WARNING GRT-0040] Net VPWR has wires outside die area.
[WARNING GRT-0040] Net VPWR has wires outside die area.
[WARNING GRT-0040] Net VPWR has wires outside die area.
[WARNING GRT-0040] Net VPWR has wires outside die area.
[WARNING GRT-0040] Net VPWR has wires outside die area.
[WARNING GRT-0040] Net VPWR has wires outside die area.
[WARNING GRT-0040] Net VPWR has wires outside die area.
[WARNING GRT-0040] Net VPWR has wires outside die area.
[WARNING GRT-0040] Net VPWR has wires outside die area.
[WARNING GRT-0040] Net VPWR has wires outside die area.
[WARNING GRT-0040] Net VPWR has wires outside die area.
[WARNING GRT-0040] Net VPWR has wires outside die area.
[WARNING GRT-0040] Net VPWR has wires outside die area.
[WARNING GRT-0040] Net VPWR has wires outside die area.
[WARNING GRT-0040] Net VPWR has wires outside die area.
[WARNING GRT-0040] Net VPWR has wires outside die area.
[WARNING GRT-0040] Net VPWR has wires outside die area.
[WARNING GRT-0040] Net VPWR has wires outside die area.
[WARNING GRT-0040] Net VPWR has wires outside die area.
[WARNING GRT-0040] Net VPWR has wires outside die area.
[WARNING GRT-0040] Net VPWR has wires outside die area.
[WARNING GRT-0040] Net VPWR has wires outside die area.
[WARNING GRT-0040] Net VGND has wires outside die area.
[WARNING GRT-0040] Net VGND has wires outside die area.
[WARNING GRT-0040] Net VGND has wires outside die area.
[WARNING GRT-0040] Net VGND has wires outside die area.
[WARNING GRT-0040] Net VGND has wires outside die area.
[WARNING GRT-0040] Net VGND has wires outside die area.
[WARNING GRT-0040] Net VGND has wires outside die area.
[WARNING GRT-0040] Net VGND has wires outside die area.
[WARNING GRT-0040] Net VGND has wires outside die area.
[WARNING GRT-0040] Net VGND has wires outside die area.
[WARNING GRT-0040] Net VGND has wires outside die area.
[WARNING GRT-0040] Net VGND has wires outside die area.
[WARNING GRT-0040] Net VGND has wires outside die area.
[WARNING GRT-0040] Net VGND has wires outside die area.
[WARNING GRT-0040] Net VGND has wires outside die area.
[WARNING GRT-0040] Net VGND has wires outside die area.
[WARNING GRT-0040] Net VGND has wires outside die area.
[WARNING GRT-0040] Net VGND has wires outside die area.
[WARNING GRT-0040] Net VGND has wires outside die area.
[WARNING GRT-0040] Net VGND has wires outside die area.
[WARNING GRT-0040] Net VGND has wires outside die area.
[WARNING GRT-0040] Net VGND has wires outside die area.
[WARNING GRT-0040] Net VGND has wires outside die area.
[WARNING GRT-0040] Net VGND has wires outside die area.
[WARNING GRT-0040] Net VGND has wires outside die area.
[WARNING GRT-0040] Net VGND has wires outside die area.
[WARNING GRT-0040] Net VGND has wires outside die area.
[WARNING GRT-0040] Net VGND has wires outside die area.
[WARNING GRT-0040] Net VGND has wires outside die area.
[WARNING GRT-0040] Net VGND has wires outside die area.
[WARNING GRT-0040] Net VGND has wires outside die area.
[WARNING GRT-0040] Net VGND has wires outside die area.
[WARNING GRT-0040] Net VGND has wires outside die area.
[WARNING GRT-0040] Net VGND has wires outside die area.
[WARNING GRT-0040] Net VGND has wires outside die area.
[WARNING GRT-0040] Net VGND has wires outside die area.
[WARNING GRT-0040] Net VGND has wires outside die area.
[WARNING GRT-0040] Net VGND has wires outside die area.
[WARNING GRT-0040] Net VGND has wires outside die area.
[WARNING GRT-0040] Net VGND has wires outside die area.
[WARNING GRT-0040] Net VGND has wires outside die area.
[WARNING GRT-0040] Net VGND has wires outside die area.
[WARNING GRT-0040] Net VGND has wires outside die area.
[WARNING GRT-0040] Net VGND has wires outside die area.
[WARNING GRT-0040] Net VGND has wires outside die area.
[WARNING GRT-0040] Net VGND has wires outside die area.
[WARNING GRT-0040] Net VGND has wires outside die area.
[WARNING GRT-0040] Net VGND has wires outside die area.
[WARNING GRT-0040] Net VGND has wires outside die area.
[WARNING GRT-0040] Net VGND has wires outside die area.
[WARNING GRT-0040] Net VGND has wires outside die area.
[WARNING GRT-0040] Net VGND has wires outside die area.
[WARNING GRT-0040] Net VGND has wires outside die area.
[WARNING GRT-0040] Net VGND has wires outside die area.
[WARNING GRT-0040] Net VGND has wires outside die area.
[WARNING GRT-0040] Net VGND has wires outside die area.
[WARNING GRT-0040] Net VGND has wires outside die area.
[WARNING GRT-0040] Net VGND has wires outside die area.
[WARNING GRT-0040] Net VGND has wires outside die area.
[WARNING GRT-0040] Net VGND has wires outside die area.
[WARNING GRT-0040] Net VGND has wires outside die area.
[WARNING GRT-0040] Net VGND has wires outside die area.
[WARNING GRT-0040] Net VGND has wires outside die area.
[WARNING GRT-0040] Net VGND has wires outside die area.
[WARNING GRT-0040] Net VGND has wires outside die area.
[WARNING GRT-0040] Net VGND has wires outside die area.
[WARNING GRT-0040] Net VGND has wires outside die area.
[WARNING GRT-0040] Net VGND has wires outside die area.
[WARNING GRT-0040] Net VGND has wires outside die area.
[WARNING GRT-0040] Net VGND has wires outside die area.
[WARNING GRT-0040] Net VGND has wires outside die area.
[INFO GRT-0004] Blockages: 6165

[INFO GRT-0053] Routing resources analysis:
          Routing      Original      Derated      Resource
Layer     Direction    Resources     Resources    Reduction (%)
---------------------------------------------------------------
li1        Vertical            0             0          0.00%
met1       Horizontal     106580         53547          49.76%
met2       Vertical        79935         53786          32.71%
met3       Horizontal      53290         37544          29.55%
met4       Vertical        31974         21096          34.02%
met5       Horizontal      10658           360          96.62%
---------------------------------------------------------------

[INFO GRT-0197] Via related to pin nodes: 24511
[INFO GRT-0198] Via related Steiner nodes: 407
[INFO GRT-0199] Via filling finished.
[INFO GRT-0111] Final number of vias: 26733
[INFO GRT-0112] Final usage 3D: 103298

[INFO GRT-0096] Final congestion report:
Layer         Resource        Demand        Usage (%)    Max H / Max V / Total Overflow
---------------------------------------------------------------------------------------
li1                  0             0            0.00%             0 /  0 /  0
met1             53547         10990           20.52%             0 /  0 /  0
met2             53786         10731           19.95%             0 /  0 /  0
met3             37544           838            2.23%             0 /  0 /  0
met4             21096           540            2.56%             0 /  0 /  0
met5               360             0            0.00%             0 /  0 /  0
---------------------------------------------------------------------------------------
Total           166333         23099           13.89%             0 /  0 /  0

[INFO GRT-0018] Total wirelength: 242500 um
[INFO GRT-0014] Routed nets: 7866
[INFO]: Setting RC values...
[INFO RSZ-0058] Using max wire length 4508um.
[INFO GRT-0009] rerouting 4 nets.
[INFO GRT-0001] Minimum degree: 2
[INFO GRT-0002] Maximum degree: 2
[INFO GRT-0009] rerouting 1 nets.
[INFO GRT-0009] rerouting 4 nets.
[INFO GRT-0009] rerouting 7 nets.
[INFO GRT-0009] rerouting 10 nets.
[INFO GRT-0001] Minimum degree: 3
[INFO GRT-0002] Maximum degree: 3
[INFO GRT-0009] rerouting 4 nets.
[INFO GRT-0001] Minimum degree: 2
[INFO GRT-0002] Maximum degree: 4
[INFO GRT-0009] rerouting 1 nets.
[INFO GRT-0009] rerouting 2 nets.
[INFO GRT-0009] rerouting 3 nets.
[INFO GRT-0009] rerouting 4 nets.
[INFO GRT-0009] rerouting 5 nets.
[INFO GRT-0009] rerouting 6 nets.
[INFO GRT-0009] rerouting 7 nets.
[INFO GRT-0009] rerouting 8 nets.
[INFO GRT-0009] rerouting 12 nets.
[INFO GRT-0001] Minimum degree: 2
[INFO GRT-0002] Maximum degree: 2
[INFO GRT-0009] rerouting 1 nets.
[INFO GRT-0009] rerouting 5 nets.
[INFO GRT-0009] rerouting 6 nets.
[INFO GRT-0009] rerouting 7 nets.
[INFO GRT-0009] rerouting 8 nets.
[INFO GRT-0009] rerouting 9 nets.
[INFO GRT-0009] rerouting 13 nets.
[INFO GRT-0009] rerouting 14 nets.
[INFO GRT-0009] rerouting 14 nets.
[INFO GRT-0009] rerouting 17 nets.
[INFO GRT-0001] Minimum degree: 2
[INFO GRT-0002] Maximum degree: 2
[INFO GRT-0009] rerouting 4 nets.
[INFO GRT-0001] Minimum degree: 4
[INFO GRT-0002] Maximum degree: 4
[INFO GRT-0009] rerouting 1 nets.
[INFO GRT-0009] rerouting 5 nets.
[INFO GRT-0009] rerouting 9 nets.
[INFO GRT-0001] Minimum degree: 2
[INFO GRT-0002] Maximum degree: 5
[INFO GRT-0009] rerouting 1 nets.
[INFO GRT-0009] rerouting 2 nets.
[INFO GRT-0009] rerouting 6 nets.
[INFO GRT-0009] rerouting 10 nets.
[INFO GRT-0009] rerouting 14 nets.
[INFO GRT-0001] Minimum degree: 4
[INFO GRT-0002] Maximum degree: 6
[INFO GRT-0009] rerouting 4 nets.
[INFO GRT-0009] rerouting 5 nets.
[INFO GRT-0009] rerouting 8 nets.
[INFO GRT-0009] rerouting 9 nets.
[INFO GRT-0009] rerouting 10 nets.
[INFO GRT-0009] rerouting 11 nets.
[INFO GRT-0009] rerouting 12 nets.
[INFO GRT-0009] rerouting 16 nets.
[INFO GRT-0001] Minimum degree: 4
[INFO GRT-0002] Maximum degree: 4
[INFO GRT-0009] rerouting 1 nets.
[INFO GRT-0009] rerouting 2 nets.
[INFO GRT-0009] rerouting 3 nets.
[INFO GRT-0009] rerouting 7 nets.
[INFO GRT-0009] rerouting 11 nets.
[INFO GRT-0001] Minimum degree: 3
[INFO GRT-0002] Maximum degree: 3
[INFO GRT-0009] rerouting 1 nets.
[INFO GRT-0009] rerouting 2 nets.
[INFO GRT-0009] rerouting 4 nets.
[INFO GRT-0009] rerouting 8 nets.
[INFO GRT-0009] rerouting 9 nets.
[INFO GRT-0009] rerouting 12 nets.
[INFO GRT-0009] rerouting 15 nets.
[INFO GRT-0001] Minimum degree: 3
[INFO GRT-0002] Maximum degree: 6
[INFO GRT-0009] rerouting 1 nets.
[INFO GRT-0009] rerouting 2 nets.
[INFO GRT-0009] rerouting 3 nets.
[INFO GRT-0009] rerouting 7 nets.
[INFO GRT-0009] rerouting 8 nets.
[INFO GRT-0009] rerouting 12 nets.
[INFO GRT-0009] rerouting 13 nets.
[INFO GRT-0009] rerouting 17 nets.
[INFO GRT-0009] rerouting 21 nets.
[INFO GRT-0009] rerouting 22 nets.
[INFO GRT-0009] rerouting 26 nets.
[INFO GRT-0009] rerouting 27 nets.
[INFO GRT-0009] rerouting 30 nets.
[INFO GRT-0009] rerouting 31 nets.
[INFO GRT-0009] rerouting 35 nets.
[INFO GRT-0001] Minimum degree: 2
[INFO GRT-0002] Maximum degree: 6
[INFO GRT-0009] rerouting 4 nets.
[INFO GRT-0009] rerouting 5 nets.
[INFO GRT-0009] rerouting 6 nets.
[INFO GRT-0009] rerouting 8 nets.
[INFO GRT-0009] rerouting 12 nets.
[INFO GRT-0001] Minimum degree: 3
[INFO GRT-0002] Maximum degree: 7
[INFO GRT-0009] rerouting 4 nets.
[INFO GRT-0009] rerouting 5 nets.
[INFO GRT-0009] rerouting 8 nets.
[INFO GRT-0001] Minimum degree: 2
[INFO GRT-0002] Maximum degree: 2
[INFO GRT-0009] rerouting 4 nets.
[INFO GRT-0001] Minimum degree: 4
[INFO GRT-0002] Maximum degree: 4
[INFO GRT-0009] rerouting 5 nets.
[INFO GRT-0001] Minimum degree: 3
[INFO GRT-0002] Maximum degree: 9
[INFO GRT-0009] rerouting 3 nets.
[INFO GRT-0009] rerouting 4 nets.
[INFO GRT-0009] rerouting 7 nets.
[INFO GRT-0001] Minimum degree: 5
[INFO GRT-0002] Maximum degree: 5
[INFO GRT-0009] rerouting 4 nets.
[INFO GRT-0009] rerouting 8 nets.
[INFO GRT-0001] Minimum degree: 4
[INFO GRT-0002] Maximum degree: 4
[INFO GRT-0009] rerouting 1 nets.
[INFO GRT-0009] rerouting 2 nets.
[INFO GRT-0009] rerouting 5 nets.
[INFO GRT-0009] rerouting 6 nets.
[INFO GRT-0009] rerouting 8 nets.
[INFO GRT-0009] rerouting 9 nets.
[INFO GRT-0009] rerouting 12 nets.
[INFO GRT-0001] Minimum degree: 4
[INFO GRT-0002] Maximum degree: 6
[INFO GRT-0009] rerouting 4 nets.
[INFO GRT-0009] rerouting 5 nets.
[INFO GRT-0009] rerouting 8 nets.
[INFO GRT-0001] Minimum degree: 3
[INFO GRT-0002] Maximum degree: 4
[INFO GRT-0009] rerouting 1 nets.
[INFO GRT-0009] rerouting 2 nets.
[INFO GRT-0009] rerouting 3 nets.
[INFO GRT-0009] rerouting 4 nets.
[INFO GRT-0009] rerouting 5 nets.
[INFO GRT-0009] rerouting 7 nets.
[INFO GRT-0001] Minimum degree: 5
[INFO GRT-0002] Maximum degree: 5
[INFO GRT-0009] rerouting 4 nets.
[INFO GRT-0009] rerouting 5 nets.
[INFO GRT-0009] rerouting 6 nets.
[INFO GRT-0009] rerouting 7 nets.
[INFO GRT-0009] rerouting 8 nets.
[INFO GRT-0009] rerouting 10 nets.
[INFO GRT-0001] Minimum degree: 6
[INFO GRT-0002] Maximum degree: 6
[INFO GRT-0009] rerouting 4 nets.
[INFO GRT-0001] Minimum degree: 4
[INFO GRT-0002] Maximum degree: 6
[INFO GRT-0009] rerouting 1 nets.
[INFO GRT-0009] rerouting 2 nets.
[INFO GRT-0009] rerouting 4 nets.
[INFO GRT-0001] Minimum degree: 4
[INFO GRT-0002] Maximum degree: 4
[INFO GRT-0009] rerouting 1 nets.
[INFO GRT-0009] rerouting 4 nets.
[INFO GRT-0001] Minimum degree: 3
[INFO GRT-0002] Maximum degree: 4
[INFO GRT-0009] rerouting 1 nets.
[INFO GRT-0009] rerouting 2 nets.
[INFO GRT-0009] rerouting 4 nets.
[INFO GRT-0001] Minimum degree: 2
[INFO GRT-0002] Maximum degree: 2
[INFO GRT-0009] rerouting 1 nets.
[INFO GRT-0009] rerouting 4 nets.
[INFO GRT-0001] Minimum degree: 5
[INFO GRT-0002] Maximum degree: 6
[INFO GRT-0009] rerouting 1 nets.
[INFO GRT-0009] rerouting 4 nets.
[INFO GRT-0009] rerouting 5 nets.
[INFO GRT-0009] rerouting 8 nets.
[INFO GRT-0009] rerouting 9 nets.
[INFO GRT-0009] rerouting 10 nets.
[INFO GRT-0009] rerouting 11 nets.
[INFO GRT-0009] rerouting 17 nets.
[INFO GRT-0001] Minimum degree: 3
[INFO GRT-0002] Maximum degree: 4
[INFO GRT-0009] rerouting 1 nets.
[INFO GRT-0009] rerouting 4 nets.
[INFO GRT-0009] rerouting 5 nets.
[INFO GRT-0009] rerouting 6 nets.
[INFO GRT-0009] rerouting 10 nets.
[INFO GRT-0009] rerouting 11 nets.
[INFO GRT-0009] rerouting 12 nets.
[INFO GRT-0009] rerouting 15 nets.
[INFO GRT-0001] Minimum degree: 6
[INFO GRT-0002] Maximum degree: 6
[INFO GRT-0009] rerouting 1 nets.
[INFO GRT-0009] rerouting 4 nets.
[INFO GRT-0009] rerouting 5 nets.
[INFO GRT-0009] rerouting 6 nets.
[INFO GRT-0009] rerouting 7 nets.
[INFO GRT-0009] rerouting 8 nets.
[INFO GRT-0009] rerouting 10 nets.
[INFO GRT-0001] Minimum degree: 6
[INFO GRT-0002] Maximum degree: 6
[INFO GRT-0009] rerouting 1 nets.
[INFO GRT-0009] rerouting 3 nets.
[INFO GRT-0009] rerouting 6 nets.
[INFO GRT-0009] rerouting 7 nets.
[INFO GRT-0009] rerouting 10 nets.
[INFO GRT-0009] rerouting 11 nets.
[INFO GRT-0009] rerouting 12 nets.
[INFO GRT-0009] rerouting 15 nets.
[INFO GRT-0009] rerouting 18 nets.
[INFO GRT-0009] rerouting 21 nets.
[INFO GRT-0009] rerouting 22 nets.
[INFO GRT-0009] rerouting 25 nets.
[INFO GRT-0009] rerouting 26 nets.
[INFO GRT-0009] rerouting 27 nets.
[INFO GRT-0009] rerouting 30 nets.
[INFO GRT-0001] Minimum degree: 3
[INFO GRT-0002] Maximum degree: 3
[INFO GRT-0009] rerouting 1 nets.
[INFO GRT-0009] rerouting 2 nets.
[INFO GRT-0009] rerouting 5 nets.
[INFO GRT-0001] Minimum degree: 4
[INFO GRT-0002] Maximum degree: 4
[INFO GRT-0009] rerouting 1 nets.
[INFO GRT-0009] rerouting 2 nets.
[INFO GRT-0009] rerouting 3 nets.
[INFO GRT-0009] rerouting 4 nets.
[INFO GRT-0009] rerouting 6 nets.
[INFO GRT-0009] rerouting 10 nets.
[INFO GRT-0001] Minimum degree: 4
[INFO GRT-0002] Maximum degree: 4
[INFO GRT-0009] rerouting 1 nets.
[INFO GRT-0009] rerouting 2 nets.
[INFO GRT-0009] rerouting 5 nets.
[INFO GRT-0001] Minimum degree: 3
[INFO GRT-0002] Maximum degree: 3
[INFO GRT-0009] rerouting 1 nets.
[INFO GRT-0009] rerouting 2 nets.
[INFO GRT-0009] rerouting 5 nets.
[INFO GRT-0009] rerouting 6 nets.
[INFO GRT-0009] rerouting 7 nets.
[INFO GRT-0009] rerouting 10 nets.
[INFO GRT-0001] Minimum degree: 3
[INFO GRT-0002] Maximum degree: 4
[INFO GRT-0009] rerouting 1 nets.
[INFO GRT-0009] rerouting 2 nets.
[INFO GRT-0009] rerouting 3 nets.
[INFO GRT-0009] rerouting 4 nets.
[INFO GRT-0009] rerouting 7 nets.
[INFO GRT-0009] rerouting 11 nets.
[INFO GRT-0009] rerouting 12 nets.
[INFO GRT-0009] rerouting 13 nets.
[INFO GRT-0009] rerouting 14 nets.
[INFO GRT-0009] rerouting 15 nets.
[INFO GRT-0009] rerouting 16 nets.
[INFO GRT-0009] rerouting 17 nets.
[INFO GRT-0009] rerouting 18 nets.
[INFO GRT-0009] rerouting 19 nets.
[INFO GRT-0009] rerouting 20 nets.
[INFO GRT-0009] rerouting 21 nets.
[INFO GRT-0009] rerouting 21 nets.
[INFO GRT-0009] rerouting 21 nets.
[INFO GRT-0009] rerouting 22 nets.
[INFO GRT-0009] rerouting 23 nets.
[INFO GRT-0009] rerouting 24 nets.
[INFO GRT-0009] rerouting 25 nets.
[INFO GRT-0009] rerouting 26 nets.
[INFO GRT-0009] rerouting 27 nets.
[INFO GRT-0009] rerouting 28 nets.
[INFO GRT-0009] rerouting 32 nets.
[INFO GRT-0001] Minimum degree: 2
[INFO GRT-0002] Maximum degree: 2
[INFO GRT-0009] rerouting 4 nets.
[INFO GRT-0009] rerouting 5 nets.
[INFO GRT-0009] rerouting 6 nets.
[INFO GRT-0009] rerouting 10 nets.
[INFO GRT-0001] Minimum degree: 3
[INFO GRT-0002] Maximum degree: 3
[INFO GRT-0009] rerouting 1 nets.
[INFO GRT-0009] rerouting 2 nets.
[INFO GRT-0009] rerouting 3 nets.
[INFO GRT-0009] rerouting 4 nets.
[INFO GRT-0009] rerouting 5 nets.
[INFO GRT-0009] rerouting 6 nets.
[INFO GRT-0009] rerouting 7 nets.
[INFO GRT-0009] rerouting 8 nets.
[INFO GRT-0009] rerouting 10 nets.
[INFO GRT-0009] rerouting 11 nets.
[INFO GRT-0009] rerouting 12 nets.
[INFO GRT-0009] rerouting 15 nets.
[INFO GRT-0009] rerouting 16 nets.
[INFO GRT-0009] rerouting 17 nets.
[INFO GRT-0009] rerouting 18 nets.
[INFO GRT-0009] rerouting 19 nets.
[INFO GRT-0009] rerouting 20 nets.
[INFO GRT-0009] rerouting 21 nets.
[INFO GRT-0009] rerouting 24 nets.
[INFO GRT-0009] rerouting 25 nets.
[INFO GRT-0009] rerouting 26 nets.
[INFO GRT-0009] rerouting 26 nets.
[INFO GRT-0009] rerouting 27 nets.
[INFO GRT-0009] rerouting 28 nets.
[INFO GRT-0009] rerouting 31 nets.
[INFO GRT-0009] rerouting 34 nets.
[INFO GRT-0009] rerouting 35 nets.
[INFO GRT-0009] rerouting 35 nets.
[INFO GRT-0009] rerouting 36 nets.
[INFO GRT-0009] rerouting 37 nets.
[INFO GRT-0009] rerouting 39 nets.
[INFO GRT-0009] rerouting 40 nets.
[INFO GRT-0009] rerouting 44 nets.
[INFO GRT-0001] Minimum degree: 4
[INFO GRT-0002] Maximum degree: 4
[INFO GRT-0009] rerouting 4 nets.
[INFO GRT-0009] rerouting 5 nets.
[INFO GRT-0009] rerouting 6 nets.
[INFO GRT-0009] rerouting 7 nets.
[INFO GRT-0009] rerouting 8 nets.
[INFO GRT-0009] rerouting 12 nets.
[INFO GRT-0009] rerouting 16 nets.
[INFO GRT-0009] rerouting 17 nets.
[INFO GRT-0009] rerouting 18 nets.
[INFO GRT-0009] rerouting 22 nets.
[INFO GRT-0001] Minimum degree: 2
[INFO GRT-0002] Maximum degree: 3
[INFO GRT-0009] rerouting 1 nets.
[INFO GRT-0009] rerouting 2 nets.
[INFO GRT-0009] rerouting 3 nets.
[INFO GRT-0009] rerouting 4 nets.
[INFO GRT-0009] rerouting 5 nets.
[INFO GRT-0009] rerouting 7 nets.
[INFO GRT-0009] rerouting 8 nets.
[INFO GRT-0009] rerouting 11 nets.
[INFO GRT-0009] rerouting 12 nets.
[INFO GRT-0009] rerouting 13 nets.
[INFO GRT-0009] rerouting 14 nets.
[INFO GRT-0009] rerouting 15 nets.
[INFO GRT-0009] rerouting 16 nets.
[INFO GRT-0009] rerouting 17 nets.
[INFO GRT-0009] rerouting 18 nets.
[INFO GRT-0009] rerouting 19 nets.
[INFO GRT-0009] rerouting 20 nets.
[INFO GRT-0009] rerouting 23 nets.
[INFO GRT-0009] rerouting 27 nets.
[INFO GRT-0009] rerouting 28 nets.
[INFO GRT-0009] rerouting 31 nets.
[INFO GRT-0009] rerouting 32 nets.
[INFO GRT-0009] rerouting 33 nets.
[INFO GRT-0009] rerouting 37 nets.
[INFO GRT-0009] rerouting 37 nets.
[INFO GRT-0009] rerouting 38 nets.
[INFO GRT-0009] rerouting 39 nets.
[INFO GRT-0009] rerouting 39 nets.
[INFO GRT-0009] rerouting 39 nets.
[INFO GRT-0009] rerouting 40 nets.
[INFO GRT-0009] rerouting 41 nets.
[INFO GRT-0009] rerouting 42 nets.
[INFO GRT-0009] rerouting 46 nets.
[INFO GRT-0009] rerouting 47 nets.
[INFO GRT-0009] rerouting 51 nets.
[INFO GRT-0009] rerouting 52 nets.
[INFO GRT-0009] rerouting 53 nets.
[INFO GRT-0009] rerouting 53 nets.
[INFO GRT-0009] rerouting 55 nets.
[INFO GRT-0009] rerouting 55 nets.
[INFO GRT-0009] rerouting 55 nets.
[INFO GRT-0009] rerouting 55 nets.
[INFO GRT-0009] rerouting 55 nets.
[INFO GRT-0009] rerouting 56 nets.
[INFO GRT-0009] rerouting 56 nets.
[INFO GRT-0009] rerouting 57 nets.
[INFO GRT-0009] rerouting 59 nets.
[INFO GRT-0009] rerouting 59 nets.
[INFO GRT-0009] rerouting 62 nets.
[INFO GRT-0009] rerouting 63 nets.
[INFO GRT-0009] rerouting 63 nets.
[INFO GRT-0009] rerouting 64 nets.
[INFO GRT-0009] rerouting 66 nets.
[INFO GRT-0009] rerouting 67 nets.
[INFO GRT-0009] rerouting 68 nets.
[INFO GRT-0009] rerouting 72 nets.
[INFO GRT-0009] rerouting 72 nets.
[INFO GRT-0009] rerouting 72 nets.
[INFO GRT-0009] rerouting 72 nets.
[INFO GRT-0009] rerouting 73 nets.
[INFO GRT-0009] rerouting 73 nets.
[INFO GRT-0009] rerouting 74 nets.
[INFO GRT-0009] rerouting 75 nets.
[INFO GRT-0009] rerouting 75 nets.
[INFO GRT-0009] rerouting 79 nets.
[INFO GRT-0001] Minimum degree: 2
[INFO GRT-0002] Maximum degree: 2
[INFO GRT-0009] rerouting 1 nets.
[INFO GRT-0009] rerouting 4 nets.
[INFO GRT-0009] rerouting 5 nets.
[INFO GRT-0009] rerouting 6 nets.
[INFO GRT-0009] rerouting 7 nets.
[INFO GRT-0009] rerouting 8 nets.
[INFO GRT-0009] rerouting 9 nets.
[INFO GRT-0009] rerouting 12 nets.
[INFO GRT-0001] Minimum degree: 4
[INFO GRT-0002] Maximum degree: 4
[INFO GRT-0009] rerouting 1 nets.
[INFO GRT-0009] rerouting 5 nets.
[INFO GRT-0001] Minimum degree: 5
[INFO GRT-0002] Maximum degree: 5
[INFO GRT-0009] rerouting 4 nets.
[INFO GRT-0001] Minimum degree: 2
[INFO GRT-0002] Maximum degree: 4
[INFO GRT-0009] rerouting 4 nets.
[INFO GRT-0009] rerouting 7 nets.
[INFO GRT-0009] rerouting 9 nets.
[INFO GRT-0001] Minimum degree: 3
[INFO GRT-0002] Maximum degree: 3
[INFO GRT-0009] rerouting 1 nets.
[INFO GRT-0009] rerouting 3 nets.
[INFO GRT-0009] rerouting 4 nets.
[INFO GRT-0009] rerouting 8 nets.
[INFO GRT-0009] rerouting 9 nets.
[INFO GRT-0009] rerouting 10 nets.
[INFO GRT-0009] rerouting 11 nets.
[INFO GRT-0009] rerouting 12 nets.
[INFO GRT-0009] rerouting 13 nets.
[INFO GRT-0009] rerouting 16 nets.
[INFO GRT-0009] rerouting 17 nets.
[INFO GRT-0009] rerouting 18 nets.
[INFO GRT-0009] rerouting 19 nets.
[INFO GRT-0009] rerouting 23 nets.
[INFO GRT-0009] rerouting 24 nets.
[INFO GRT-0009] rerouting 25 nets.
[INFO GRT-0009] rerouting 26 nets.
[INFO GRT-0009] rerouting 27 nets.
[INFO GRT-0009] rerouting 28 nets.
[INFO GRT-0009] rerouting 29 nets.
[INFO GRT-0009] rerouting 30 nets.
[INFO GRT-0009] rerouting 31 nets.
[INFO GRT-0009] rerouting 32 nets.
[INFO GRT-0009] rerouting 33 nets.
[INFO GRT-0009] rerouting 34 nets.
[INFO GRT-0009] rerouting 35 nets.
[INFO GRT-0009] rerouting 36 nets.
[INFO GRT-0009] rerouting 37 nets.
[INFO GRT-0009] rerouting 37 nets.
[INFO GRT-0009] rerouting 37 nets.
[INFO GRT-0009] rerouting 38 nets.
[INFO GRT-0009] rerouting 38 nets.
[INFO GRT-0009] rerouting 39 nets.
[INFO GRT-0009] rerouting 40 nets.
[INFO GRT-0009] rerouting 41 nets.
[INFO GRT-0009] rerouting 45 nets.
[INFO GRT-0001] Minimum degree: 5
[INFO GRT-0002] Maximum degree: 5
[INFO GRT-0009] rerouting 1 nets.
[INFO GRT-0009] rerouting 3 nets.
[INFO GRT-0001] Minimum degree: 4
[INFO GRT-0002] Maximum degree: 4
[INFO GRT-0009] rerouting 1 nets.
[INFO GRT-0009] rerouting 2 nets.
[INFO GRT-0009] rerouting 6 nets.
[INFO GRT-0001] Minimum degree: 2
[INFO GRT-0002] Maximum degree: 3
[INFO GRT-0009] rerouting 1 nets.
[INFO GRT-0009] rerouting 2 nets.
[INFO GRT-0009] rerouting 3 nets.
[INFO GRT-0009] rerouting 7 nets.
[INFO GRT-0001] Minimum degree: 3
[INFO GRT-0002] Maximum degree: 5
[INFO GRT-0009] rerouting 1 nets.
[INFO GRT-0009] rerouting 2 nets.
[INFO GRT-0009] rerouting 5 nets.
[INFO GRT-0009] rerouting 6 nets.
[INFO GRT-0009] rerouting 9 nets.
[INFO GRT-0001] Minimum degree: 3
[INFO GRT-0002] Maximum degree: 7
[INFO GRT-0009] rerouting 4 nets.
[INFO GRT-0001] Minimum degree: 3
[INFO GRT-0002] Maximum degree: 3
[INFO GRT-0009] rerouting 1 nets.
[INFO GRT-0009] rerouting 2 nets.
[INFO GRT-0009] rerouting 6 nets.
[INFO GRT-0001] Minimum degree: 2
[INFO GRT-0002] Maximum degree: 4
[INFO GRT-0009] rerouting 1 nets.
[INFO GRT-0009] rerouting 5 nets.
[INFO GRT-0001] Minimum degree: 3
[INFO GRT-0002] Maximum degree: 6
[INFO GRT-0009] rerouting 1 nets.
[INFO GRT-0009] rerouting 2 nets.
[INFO GRT-0009] rerouting 3 nets.
[INFO GRT-0009] rerouting 7 nets.
[INFO GRT-0001] Minimum degree: 6
[INFO GRT-0002] Maximum degree: 7
[INFO GRT-0009] rerouting 1 nets.
[INFO GRT-0009] rerouting 2 nets.
[INFO GRT-0009] rerouting 3 nets.
[INFO GRT-0009] rerouting 4 nets.
[INFO GRT-0009] rerouting 5 nets.
[INFO GRT-0009] rerouting 8 nets.
[INFO GRT-0001] Minimum degree: 2
[INFO GRT-0002] Maximum degree: 5
[INFO GRT-0009] rerouting 1 nets.
[INFO GRT-0009] rerouting 2 nets.
[INFO GRT-0009] rerouting 3 nets.
[INFO GRT-0009] rerouting 7 nets.
[INFO GRT-0001] Minimum degree: 2
[INFO GRT-0002] Maximum degree: 2
[INFO GRT-0009] rerouting 4 nets.
[INFO GRT-0009] rerouting 8 nets.
[INFO GRT-0009] rerouting 9 nets.
[INFO GRT-0009] rerouting 11 nets.
[INFO GRT-0009] rerouting 12 nets.
[INFO GRT-0009] rerouting 15 nets.
[INFO GRT-0001] Minimum degree: 2
[INFO GRT-0002] Maximum degree: 4
[INFO GRT-0009] rerouting 1 nets.
[INFO GRT-0009] rerouting 2 nets.
[INFO GRT-0009] rerouting 3 nets.
[INFO GRT-0009] rerouting 4 nets.
[INFO GRT-0009] rerouting 5 nets.
[INFO GRT-0009] rerouting 9 nets.
[INFO GRT-0001] Minimum degree: 3
[INFO GRT-0002] Maximum degree: 4
[INFO GRT-0009] rerouting 1 nets.
[INFO GRT-0009] rerouting 2 nets.
[INFO GRT-0009] rerouting 3 nets.
[INFO GRT-0009] rerouting 4 nets.
[INFO GRT-0009] rerouting 5 nets.
[INFO GRT-0009] rerouting 6 nets.
[INFO GRT-0009] rerouting 7 nets.
[INFO GRT-0009] rerouting 9 nets.
[INFO GRT-0009] rerouting 10 nets.
[INFO GRT-0009] rerouting 11 nets.
[INFO GRT-0009] rerouting 15 nets.
[INFO GRT-0009] rerouting 16 nets.
[INFO GRT-0009] rerouting 17 nets.
[INFO GRT-0009] rerouting 18 nets.
[INFO GRT-0009] rerouting 19 nets.
[INFO GRT-0009] rerouting 20 nets.
[INFO GRT-0009] rerouting 23 nets.
[INFO GRT-0001] Minimum degree: 3
[INFO GRT-0002] Maximum degree: 3
[INFO GRT-0009] rerouting 1 nets.
[INFO GRT-0009] rerouting 2 nets.
[INFO GRT-0009] rerouting 3 nets.
[INFO GRT-0009] rerouting 4 nets.
[INFO GRT-0009] rerouting 5 nets.
[INFO GRT-0009] rerouting 6 nets.
[INFO GRT-0009] rerouting 10 nets.
[INFO GRT-0001] Minimum degree: 4
[INFO GRT-0002] Maximum degree: 5
[INFO GRT-0009] rerouting 1 nets.
[INFO GRT-0009] rerouting 3 nets.
[INFO GRT-0009] rerouting 4 nets.
[INFO GRT-0009] rerouting 7 nets.
[INFO GRT-0001] Minimum degree: 3
[INFO GRT-0002] Maximum degree: 5
[INFO GRT-0009] rerouting 4 nets.
[INFO GRT-0009] rerouting 6 nets.
[INFO GRT-0009] rerouting 7 nets.
[INFO GRT-0009] rerouting 10 nets.
[INFO GRT-0009] rerouting 11 nets.
[INFO GRT-0009] rerouting 14 nets.
[INFO GRT-0009] rerouting 15 nets.
[INFO GRT-0009] rerouting 16 nets.
[INFO GRT-0009] rerouting 17 nets.
[INFO GRT-0009] rerouting 20 nets.
[INFO GRT-0009] rerouting 21 nets.
[INFO GRT-0009] rerouting 22 nets.
[INFO GRT-0009] rerouting 23 nets.
[INFO GRT-0009] rerouting 26 nets.
[INFO GRT-0001] Minimum degree: 2147483647
[INFO GRT-0002] Maximum degree: 1
[INFO GRT-0009] rerouting 1 nets.
[INFO GRT-0009] rerouting 5 nets.
[INFO GRT-0001] Minimum degree: 5
[INFO GRT-0002] Maximum degree: 5
[INFO GRT-0009] rerouting 4 nets.
[INFO GRT-0009] rerouting 8 nets.
[INFO GRT-0009] rerouting 9 nets.
[INFO GRT-0009] rerouting 10 nets.
[INFO GRT-0009] rerouting 11 nets.
[INFO GRT-0009] rerouting 12 nets.
[INFO GRT-0009] rerouting 15 nets.
[INFO GRT-0009] rerouting 16 nets.
[INFO GRT-0009] rerouting 17 nets.
[INFO GRT-0009] rerouting 20 nets.
[INFO GRT-0009] rerouting 24 nets.
[INFO GRT-0009] rerouting 25 nets.
[INFO GRT-0009] rerouting 26 nets.
[INFO GRT-0009] rerouting 28 nets.
[INFO GRT-0009] rerouting 29 nets.
[INFO GRT-0009] rerouting 30 nets.
[INFO GRT-0009] rerouting 31 nets.
[INFO GRT-0009] rerouting 34 nets.
[INFO GRT-0009] rerouting 35 nets.
[INFO GRT-0009] rerouting 38 nets.
[INFO GRT-0001] Minimum degree: 2
[INFO GRT-0002] Maximum degree: 4
[INFO GRT-0009] rerouting 1 nets.
[INFO GRT-0009] rerouting 3 nets.
[INFO GRT-0009] rerouting 4 nets.
[INFO GRT-0009] rerouting 5 nets.
[INFO GRT-0009] rerouting 6 nets.
[INFO GRT-0009] rerouting 9 nets.
[INFO GRT-0009] rerouting 10 nets.
[INFO GRT-0009] rerouting 11 nets.
[INFO GRT-0009] rerouting 12 nets.
[INFO GRT-0009] rerouting 15 nets.
[INFO GRT-0001] Minimum degree: 3
[INFO GRT-0002] Maximum degree: 3
[INFO GRT-0009] rerouting 1 nets.
[INFO GRT-0009] rerouting 2 nets.
[INFO GRT-0009] rerouting 5 nets.
[INFO GRT-0009] rerouting 6 nets.
[INFO GRT-0009] rerouting 7 nets.
[INFO GRT-0009] rerouting 8 nets.
[INFO GRT-0009] rerouting 9 nets.
[INFO GRT-0009] rerouting 10 nets.
[INFO GRT-0009] rerouting 14 nets.
[INFO GRT-0009] rerouting 15 nets.
[INFO GRT-0009] rerouting 16 nets.
[INFO GRT-0009] rerouting 17 nets.
[INFO GRT-0009] rerouting 18 nets.
[INFO GRT-0009] rerouting 21 nets.
[INFO GRT-0009] rerouting 22 nets.
[INFO GRT-0009] rerouting 23 nets.
[INFO GRT-0009] rerouting 24 nets.
[INFO GRT-0009] rerouting 25 nets.
[INFO GRT-0009] rerouting 26 nets.
[INFO GRT-0009] rerouting 29 nets.
[INFO GRT-0009] rerouting 30 nets.
[INFO GRT-0009] rerouting 31 nets.
[INFO GRT-0009] rerouting 32 nets.
[INFO GRT-0009] rerouting 36 nets.
[INFO GRT-0009] rerouting 37 nets.
[INFO GRT-0009] rerouting 38 nets.
[INFO GRT-0009] rerouting 41 nets.
[INFO GRT-0009] rerouting 42 nets.
[INFO GRT-0009] rerouting 42 nets.
[INFO GRT-0009] rerouting 43 nets.
[INFO GRT-0009] rerouting 44 nets.
[INFO GRT-0009] rerouting 45 nets.
[INFO GRT-0009] rerouting 46 nets.
[INFO GRT-0009] rerouting 46 nets.
[INFO GRT-0009] rerouting 46 nets.
[INFO GRT-0009] rerouting 46 nets.
[INFO GRT-0009] rerouting 50 nets.
[INFO GRT-0009] rerouting 51 nets.
[INFO GRT-0009] rerouting 52 nets.
[INFO GRT-0009] rerouting 54 nets.
[INFO GRT-0001] Minimum degree: 3
[INFO GRT-0002] Maximum degree: 7
[INFO GRT-0009] rerouting 1 nets.
[INFO GRT-0009] rerouting 2 nets.
[INFO GRT-0009] rerouting 4 nets.
[INFO GRT-0009] rerouting 5 nets.
[INFO GRT-0009] rerouting 6 nets.
[INFO GRT-0009] rerouting 7 nets.
[INFO GRT-0009] rerouting 8 nets.
[INFO GRT-0009] rerouting 9 nets.
[INFO GRT-0009] rerouting 10 nets.
[INFO GRT-0009] rerouting 11 nets.
[INFO GRT-0009] rerouting 14 nets.
[INFO GRT-0001] Minimum degree: 5
[INFO GRT-0002] Maximum degree: 7
[INFO GRT-0009] rerouting 1 nets.
[INFO GRT-0009] rerouting 2 nets.
[INFO GRT-0009] rerouting 6 nets.
[INFO GRT-0009] rerouting 7 nets.
[INFO GRT-0009] rerouting 8 nets.
[INFO GRT-0009] rerouting 12 nets.
[INFO GRT-0009] rerouting 13 nets.
[INFO GRT-0009] rerouting 16 nets.
[INFO GRT-0009] rerouting 17 nets.
[INFO GRT-0009] rerouting 18 nets.
[INFO GRT-0009] rerouting 19 nets.
[INFO GRT-0009] rerouting 20 nets.
[INFO GRT-0009] rerouting 21 nets.
[INFO GRT-0009] rerouting 22 nets.
[INFO GRT-0009] rerouting 23 nets.
[INFO GRT-0009] rerouting 24 nets.
[INFO GRT-0009] rerouting 26 nets.
[INFO GRT-0009] rerouting 27 nets.
[INFO GRT-0009] rerouting 28 nets.
[INFO GRT-0009] rerouting 31 nets.
[INFO GRT-0009] rerouting 32 nets.
[INFO GRT-0009] rerouting 33 nets.
[INFO GRT-0009] rerouting 34 nets.
[INFO GRT-0009] rerouting 35 nets.
[INFO GRT-0009] rerouting 36 nets.
[INFO GRT-0009] rerouting 37 nets.
[INFO GRT-0009] rerouting 40 nets.
[INFO GRT-0009] rerouting 41 nets.
[INFO GRT-0009] rerouting 44 nets.
[INFO GRT-0001] Minimum degree: 5
[INFO GRT-0002] Maximum degree: 5
[INFO GRT-0009] rerouting 1 nets.
[INFO GRT-0009] rerouting 4 nets.
[INFO GRT-0001] Minimum degree: 7
[INFO GRT-0002] Maximum degree: 7
[INFO GRT-0009] rerouting 3 nets.
[INFO GRT-0001] Minimum degree: 5
[INFO GRT-0002] Maximum degree: 5
[INFO GRT-0009] rerouting 1 nets.
[INFO GRT-0009] rerouting 3 nets.
[INFO GRT-0009] rerouting 6 nets.
[INFO GRT-0009] rerouting 7 nets.
[INFO GRT-0009] rerouting 9 nets.
[INFO GRT-0001] Minimum degree: 6
[INFO GRT-0002] Maximum degree: 6
[INFO GRT-0009] rerouting 3 nets.
[INFO GRT-0009] rerouting 6 nets.
[INFO GRT-0001] Minimum degree: 2
[INFO GRT-0002] Maximum degree: 2
[INFO GRT-0009] rerouting 1 nets.
[INFO GRT-0009] rerouting 3 nets.
[INFO GRT-0001] Minimum degree: 13
[INFO GRT-0002] Maximum degree: 13
[INFO GRT-0009] rerouting 1 nets.
[INFO GRT-0009] rerouting 2 nets.
[INFO GRT-0009] rerouting 3 nets.
[INFO GRT-0009] rerouting 6 nets.
[INFO GRT-0009] rerouting 7 nets.
[INFO GRT-0009] rerouting 9 nets.
[INFO GRT-0009] rerouting 10 nets.
[INFO GRT-0009] rerouting 12 nets.
[INFO GRT-0001] Minimum degree: 7
[INFO GRT-0002] Maximum degree: 7
[INFO GRT-0009] rerouting 1 nets.
[INFO GRT-0009] rerouting 2 nets.
[INFO GRT-0009] rerouting 3 nets.
[INFO GRT-0009] rerouting 6 nets.
[INFO GRT-0009] rerouting 7 nets.
[INFO GRT-0009] rerouting 9 nets.
[INFO GRT-0009] rerouting 11 nets.
[INFO GRT-0009] rerouting 13 nets.
[INFO GRT-0009] rerouting 15 nets.
[INFO GRT-0001] Minimum degree: 2
[INFO GRT-0002] Maximum degree: 2
[INFO GRT-0009] rerouting 2 nets.
[INFO GRT-0009] rerouting 4 nets.
[INFO GRT-0001] Minimum degree: 2
[INFO GRT-0002] Maximum degree: 2
[INFO GRT-0009] rerouting 1 nets.
[INFO GRT-0009] rerouting 2 nets.
[INFO GRT-0009] rerouting 3 nets.
[INFO GRT-0009] rerouting 5 nets.
[INFO GRT-0009] rerouting 6 nets.
[INFO GRT-0009] rerouting 8 nets.
[INFO GRT-0009] rerouting 9 nets.
[INFO GRT-0009] rerouting 11 nets.
[INFO GRT-0009] rerouting 12 nets.
[INFO GRT-0009] rerouting 13 nets.
[INFO GRT-0009] rerouting 14 nets.
[INFO GRT-0009] rerouting 15 nets.
[INFO GRT-0009] rerouting 16 nets.
[INFO GRT-0009] rerouting 17 nets.
[INFO GRT-0009] rerouting 20 nets.
[INFO GRT-0009] rerouting 22 nets.
[INFO GRT-0009] rerouting 23 nets.
[INFO GRT-0009] rerouting 26 nets.
[INFO GRT-0001] Minimum degree: 3
[INFO GRT-0002] Maximum degree: 3
[INFO GRT-0009] rerouting 1 nets.
[INFO GRT-0009] rerouting 2 nets.
[INFO GRT-0009] rerouting 3 nets.
[INFO GRT-0009] rerouting 6 nets.
[INFO GRT-0009] rerouting 7 nets.
[INFO GRT-0009] rerouting 8 nets.
[INFO GRT-0009] rerouting 11 nets.
[INFO GRT-0001] Minimum degree: 4
[INFO GRT-0002] Maximum degree: 13
[INFO GRT-0009] rerouting 1 nets.
[INFO GRT-0009] rerouting 2 nets.
[INFO GRT-0009] rerouting 3 nets.
[INFO GRT-0009] rerouting 4 nets.
[INFO GRT-0009] rerouting 5 nets.
[INFO GRT-0009] rerouting 6 nets.
[INFO GRT-0009] rerouting 7 nets.
[INFO GRT-0009] rerouting 8 nets.
[INFO GRT-0009] rerouting 9 nets.
[INFO GRT-0009] rerouting 10 nets.
[INFO GRT-0009] rerouting 11 nets.
[INFO GRT-0009] rerouting 12 nets.
[INFO GRT-0009] rerouting 16 nets.
[INFO GRT-0009] rerouting 19 nets.
[INFO GRT-0009] rerouting 19 nets.
[INFO GRT-0009] rerouting 20 nets.
[INFO GRT-0009] rerouting 21 nets.
[INFO GRT-0009] rerouting 22 nets.
[INFO GRT-0009] rerouting 23 nets.
[INFO GRT-0009] rerouting 24 nets.
[INFO GRT-0009] rerouting 25 nets.
[INFO GRT-0009] rerouting 26 nets.
[INFO GRT-0009] rerouting 27 nets.
[INFO GRT-0009] rerouting 28 nets.
[INFO GRT-0009] rerouting 29 nets.
[INFO GRT-0009] rerouting 32 nets.
[INFO GRT-0009] rerouting 36 nets.
[INFO GRT-0009] rerouting 37 nets.
[INFO GRT-0009] rerouting 38 nets.
[INFO GRT-0009] rerouting 39 nets.
[INFO GRT-0009] rerouting 40 nets.
[INFO GRT-0009] rerouting 41 nets.
[INFO GRT-0009] rerouting 42 nets.
[INFO GRT-0009] rerouting 43 nets.
[INFO GRT-0009] rerouting 44 nets.
[INFO GRT-0009] rerouting 45 nets.
[INFO GRT-0009] rerouting 46 nets.
[INFO GRT-0009] rerouting 47 nets.
[INFO GRT-0009] rerouting 48 nets.
[INFO GRT-0009] rerouting 49 nets.
[INFO GRT-0009] rerouting 50 nets.
[INFO GRT-0009] rerouting 54 nets.
[INFO GRT-0009] rerouting 55 nets.
[INFO GRT-0009] rerouting 56 nets.
[INFO GRT-0009] rerouting 57 nets.
[INFO GRT-0009] rerouting 58 nets.
[INFO GRT-0009] rerouting 58 nets.
[INFO GRT-0009] rerouting 60 nets.
[INFO GRT-0009] rerouting 61 nets.
[INFO GRT-0009] rerouting 62 nets.
[INFO GRT-0009] rerouting 63 nets.
[INFO GRT-0009] rerouting 64 nets.
[INFO GRT-0009] rerouting 66 nets.
[INFO GRT-0001] Minimum degree: 13
[INFO GRT-0002] Maximum degree: 13
[INFO GRT-0009] rerouting 2 nets.
[INFO GRT-0001] Minimum degree: 13
[INFO GRT-0002] Maximum degree: 13
[INFO GRT-0009] rerouting 2 nets.
[INFO GRT-0009] rerouting 3 nets.
[INFO GRT-0009] rerouting 4 nets.
[INFO GRT-0009] rerouting 5 nets.
[INFO GRT-0009] rerouting 7 nets.
[INFO GRT-0009] rerouting 8 nets.
[INFO GRT-0009] rerouting 9 nets.
[INFO GRT-0009] rerouting 10 nets.
[INFO GRT-0009] rerouting 11 nets.
[INFO GRT-0009] rerouting 12 nets.
[INFO GRT-0009] rerouting 13 nets.
[INFO GRT-0009] rerouting 14 nets.
[INFO GRT-0009] rerouting 15 nets.
[INFO GRT-0009] rerouting 16 nets.
[INFO GRT-0009] rerouting 17 nets.
[INFO GRT-0009] rerouting 18 nets.
[INFO GRT-0009] rerouting 19 nets.
[INFO GRT-0009] rerouting 20 nets.
[INFO GRT-0009] rerouting 21 nets.
[INFO GRT-0009] rerouting 22 nets.
[INFO GRT-0009] rerouting 24 nets.
[INFO GRT-0009] rerouting 25 nets.
[INFO GRT-0009] rerouting 27 nets.
[INFO GRT-0009] rerouting 28 nets.
[INFO GRT-0009] rerouting 29 nets.
[INFO GRT-0009] rerouting 31 nets.
[INFO GRT-0009] rerouting 32 nets.
[INFO GRT-0009] rerouting 33 nets.
[INFO GRT-0009] rerouting 35 nets.
[INFO GRT-0009] rerouting 36 nets.
[INFO GRT-0009] rerouting 37 nets.
[INFO GRT-0009] rerouting 38 nets.
[INFO GRT-0009] rerouting 38 nets.
[INFO GRT-0009] rerouting 39 nets.
[INFO GRT-0009] rerouting 39 nets.
[INFO GRT-0009] rerouting 42 nets.
[INFO GRT-0009] rerouting 45 nets.
[INFO GRT-0009] rerouting 46 nets.
[INFO GRT-0009] rerouting 47 nets.
[INFO GRT-0009] rerouting 48 nets.
[INFO GRT-0009] rerouting 49 nets.
[INFO GRT-0009] rerouting 50 nets.
[INFO GRT-0009] rerouting 51 nets.
[INFO GRT-0009] rerouting 53 nets.
[INFO GRT-0009] rerouting 54 nets.
[INFO GRT-0009] rerouting 55 nets.
[INFO GRT-0009] rerouting 56 nets.
[INFO GRT-0009] rerouting 57 nets.
[INFO GRT-0009] rerouting 58 nets.
[INFO GRT-0009] rerouting 59 nets.
[INFO GRT-0009] rerouting 60 nets.
[INFO GRT-0009] rerouting 61 nets.
[INFO GRT-0009] rerouting 63 nets.
[INFO GRT-0009] rerouting 64 nets.
[INFO GRT-0009] rerouting 66 nets.
[INFO GRT-0009] rerouting 68 nets.
[INFO GRT-0009] rerouting 70 nets.
[INFO GRT-0001] Minimum degree: 13
[INFO GRT-0002] Maximum degree: 13
[INFO GRT-0009] rerouting 1 nets.
[INFO GRT-0009] rerouting 3 nets.
[INFO GRT-0009] rerouting 5 nets.
[INFO GRT-0009] rerouting 6 nets.
[INFO GRT-0009] rerouting 8 nets.
[INFO GRT-0009] rerouting 9 nets.
[INFO GRT-0009] rerouting 11 nets.
[INFO GRT-0009] rerouting 12 nets.
[INFO GRT-0009] rerouting 14 nets.
[INFO GRT-0009] rerouting 15 nets.
[INFO GRT-0009] rerouting 16 nets.
[INFO GRT-0009] rerouting 17 nets.
[INFO GRT-0009] rerouting 19 nets.
[INFO GRT-0009] rerouting 20 nets.
[INFO GRT-0009] rerouting 21 nets.
[INFO GRT-0009] rerouting 22 nets.
[INFO GRT-0009] rerouting 23 nets.
[INFO GRT-0009] rerouting 24 nets.
[INFO GRT-0009] rerouting 26 nets.
[INFO GRT-0009] rerouting 27 nets.
[INFO GRT-0009] rerouting 28 nets.
[INFO GRT-0009] rerouting 31 nets.
[INFO GRT-0009] rerouting 32 nets.
[INFO GRT-0009] rerouting 32 nets.
[INFO GRT-0009] rerouting 33 nets.
[INFO GRT-0009] rerouting 33 nets.
[INFO GRT-0009] rerouting 33 nets.
[INFO GRT-0009] rerouting 34 nets.
[INFO GRT-0009] rerouting 35 nets.
[INFO GRT-0009] rerouting 37 nets.
[INFO GRT-0001] Minimum degree: 8
[INFO GRT-0002] Maximum degree: 8
[INFO GRT-0009] rerouting 2 nets.
[INFO GRT-0009] rerouting 3 nets.
[INFO GRT-0009] rerouting 4 nets.
[INFO GRT-0009] rerouting 5 nets.
[INFO GRT-0009] rerouting 8 nets.
[INFO GRT-0009] rerouting 9 nets.
[INFO GRT-0001] Minimum degree: 6
[INFO GRT-0002] Maximum degree: 6
[INFO GRT-0009] rerouting 1 nets.
[INFO GRT-0009] rerouting 2 nets.
[INFO GRT-0009] rerouting 3 nets.
[INFO GRT-0001] Minimum degree: 6
[INFO GRT-0002] Maximum degree: 6
[INFO GRT-0009] rerouting 1 nets.
[INFO GRT-0009] rerouting 2 nets.
[INFO GRT-0009] rerouting 3 nets.
[INFO GRT-0009] rerouting 4 nets.
[INFO GRT-0009] rerouting 5 nets.
[INFO GRT-0009] rerouting 6 nets.
[INFO GRT-0009] rerouting 7 nets.
[INFO GRT-0009] rerouting 8 nets.
[INFO GRT-0009] rerouting 9 nets.
[INFO GRT-0009] rerouting 10 nets.
[INFO GRT-0009] rerouting 11 nets.
[INFO GRT-0009] rerouting 12 nets.
[INFO GRT-0009] rerouting 13 nets.
[INFO GRT-0009] rerouting 14 nets.
[INFO GRT-0009] rerouting 16 nets.
[INFO GRT-0009] rerouting 17 nets.
[INFO GRT-0009] rerouting 18 nets.
[INFO GRT-0009] rerouting 19 nets.
[INFO GRT-0009] rerouting 20 nets.
[INFO GRT-0009] rerouting 21 nets.
[INFO GRT-0009] rerouting 23 nets.
[INFO GRT-0001] Minimum degree: 2
[INFO GRT-0002] Maximum degree: 2
[INFO GRT-0009] rerouting 1 nets.
[INFO GRT-0009] rerouting 2 nets.
[INFO GRT-0009] rerouting 3 nets.
[INFO GRT-0009] rerouting 3 nets.
[INFO RSZ-0039] Resized 255 instances.
Placement Analysis
---------------------------------
total displacement        483.5 u
average displacement        0.0 u
max displacement            5.9 u
original HPWL          149685.5 u
legalized HPWL         153793.6 u
delta HPWL                    3 %

[INFO DPL-0020] Mirrored 3563 instances
[INFO DPL-0021] HPWL before          153793.6 u
[INFO DPL-0022] HPWL after           150011.4 u
[INFO DPL-0023] HPWL delta               -2.5 %
Setting global connections for newly added cells…
Writing OpenROAD database to '/openlane/designs/fir_filter/runs/RUN_2026.09.09_21.19.58/tmp/14-fir_filter.odb'…
Writing netlist to '/openlane/designs/fir_filter/runs/RUN_2026.09.09_21.19.58/tmp/14-fir_filter.nl.v'…
Writing powered netlist to '/openlane/designs/fir_filter/runs/RUN_2026.09.09_21.19.58/tmp/14-fir_filter.pnl.v'…
Writing layout to '/openlane/designs/fir_filter/runs/RUN_2026.09.09_21.19.58/tmp/14-fir_filter.def'…
Writing timing constraints to '/openlane/designs/fir_filter/runs/RUN_2026.09.09_21.19.58/tmp/14-fir_filter.sdc'…
area_report

===========================================================================
report_design_area
============================================================================
Design area 53646 u^2 22% utilization.
area_report_end
